Component: ARM Compiler 5.06 update 6 (build 750) Tool: armlink [4d35ed]

==============================================================================

Section Cross References

    fsl_adc.o(i.ADC_Deinit) refers to fsl_adc.o(i.ADC_GetInstance) for ADC_GetInstance
    fsl_adc.o(i.ADC_Deinit) refers to fsl_adc.o(i.CLOCK_ControlGate) for CLOCK_ControlGate
    fsl_adc.o(i.ADC_Deinit) refers to fsl_adc.o(.constdata) for s_adcClocks
    fsl_adc.o(i.ADC_DoAutoCalibration) refers to fsl_adc.o(i.ADC_EnableHardwareTrigger) for ADC_EnableHardwareTrigger
    fsl_adc.o(i.ADC_DoAutoCalibration) refers to fsl_assert.o(i.__aeabi_assert) for __aeabi_assert
    fsl_adc.o(i.ADC_GetDefaultConfig) refers to fsl_assert.o(i.__aeabi_assert) for __aeabi_assert
    fsl_adc.o(i.ADC_GetInstance) refers to fsl_assert.o(i.__aeabi_assert) for __aeabi_assert
    fsl_adc.o(i.ADC_GetInstance) refers to fsl_adc.o(.constdata) for s_adcBases
    fsl_adc.o(i.ADC_Init) refers to fsl_assert.o(i.__aeabi_assert) for __aeabi_assert
    fsl_adc.o(i.ADC_Init) refers to fsl_adc.o(i.ADC_GetInstance) for ADC_GetInstance
    fsl_adc.o(i.ADC_Init) refers to fsl_adc.o(i.CLOCK_ControlGate) for CLOCK_ControlGate
    fsl_adc.o(i.ADC_Init) refers to fsl_adc.o(.constdata) for s_adcClocks
    fsl_adc.o(i.ADC_SetChannelConfig) refers to fsl_assert.o(i.__aeabi_assert) for __aeabi_assert
    fsl_adc.o(i.ADC_SetOffsetConfig) refers to fsl_assert.o(i.__aeabi_assert) for __aeabi_assert
    fsl_adc.o(i.CLOCK_ControlGate) refers to fsl_assert.o(i.__aeabi_assert) for __aeabi_assert
    fsl_adc_etc.o(i.ADC_ETC_Deinit) refers to fsl_adc_etc.o(i.ADC_ETC_DoSoftwareReset) for ADC_ETC_DoSoftwareReset
    fsl_adc_etc.o(i.ADC_ETC_GetADCConversionValue) refers to fsl_assert.o(i.__aeabi_assert) for __aeabi_assert
    fsl_adc_etc.o(i.ADC_ETC_GetDefaultConfig) refers to rt_memclr_w.o(.text) for __aeabi_memclr4
    fsl_adc_etc.o(i.ADC_ETC_Init) refers to fsl_assert.o(i.__aeabi_assert) for __aeabi_assert
    fsl_adc_etc.o(i.ADC_ETC_Init) refers to fsl_adc_etc.o(i.ADC_ETC_DoSoftwareReset) for ADC_ETC_DoSoftwareReset
    fsl_adc_etc.o(i.ADC_ETC_SetTriggerChainConfig) refers to fsl_assert.o(i.__aeabi_assert) for __aeabi_assert
    fsl_adc_etc.o(i.ADC_ETC_SetTriggerConfig) refers to fsl_assert.o(i.__aeabi_assert) for __aeabi_assert
    fsl_aoi.o(i.AOI_Deinit) refers to fsl_aoi.o(i.AOI_GetInstance) for AOI_GetInstance
    fsl_aoi.o(i.AOI_Deinit) refers to fsl_aoi.o(i.CLOCK_ControlGate) for CLOCK_ControlGate
    fsl_aoi.o(i.AOI_Deinit) refers to fsl_aoi.o(.constdata) for s_aoiClocks
    fsl_aoi.o(i.AOI_GetEventLogicConfig) refers to fsl_assert.o(i.__aeabi_assert) for __aeabi_assert
    fsl_aoi.o(i.AOI_GetInstance) refers to fsl_assert.o(i.__aeabi_assert) for __aeabi_assert
    fsl_aoi.o(i.AOI_GetInstance) refers to fsl_aoi.o(.constdata) for s_aoiBases
    fsl_aoi.o(i.AOI_Init) refers to fsl_aoi.o(i.AOI_GetInstance) for AOI_GetInstance
    fsl_aoi.o(i.AOI_Init) refers to fsl_aoi.o(i.CLOCK_ControlGate) for CLOCK_ControlGate
    fsl_aoi.o(i.AOI_Init) refers to fsl_aoi.o(.constdata) for s_aoiClocks
    fsl_aoi.o(i.AOI_SetEventLogicConfig) refers to fsl_assert.o(i.__aeabi_assert) for __aeabi_assert
    fsl_aoi.o(i.CLOCK_ControlGate) refers to fsl_assert.o(i.__aeabi_assert) for __aeabi_assert
    fsl_bee.o(i.BEE_Deinit) refers to fsl_bee.o(i.CLOCK_ControlGate) for CLOCK_ControlGate
    fsl_bee.o(i.BEE_GetDefaultConfig) refers to fsl_assert.o(i.__aeabi_assert) for __aeabi_assert
    fsl_bee.o(i.BEE_GetDefaultConfig) refers to rt_memclr_w.o(.text) for __aeabi_memclr4
    fsl_bee.o(i.BEE_Init) refers to fsl_bee.o(i.CLOCK_ControlGate) for CLOCK_ControlGate
    fsl_bee.o(i.BEE_SetConfig) refers to fsl_bee.o(i.BEE_GetStatusFlags) for BEE_GetStatusFlags
    fsl_bee.o(i.BEE_SetConfig) refers to fsl_bee.o(i.BEE_Disable) for BEE_Disable
    fsl_bee.o(i.BEE_SetConfig) refers to fsl_bee.o(i.BEE_Enable) for BEE_Enable
    fsl_bee.o(i.BEE_SetRegionKey) refers to fsl_bee.o(i.BEE_GetStatusFlags) for BEE_GetStatusFlags
    fsl_bee.o(i.BEE_SetRegionKey) refers to fsl_bee.o(i.aligned_memcpy) for aligned_memcpy
    fsl_bee.o(i.BEE_SetRegionKey) refers to fsl_bee.o(i.BEE_Enable) for BEE_Enable
    fsl_bee.o(i.BEE_SetRegionKey) refers to fsl_bee.o(i.BEE_Disable) for BEE_Disable
    fsl_bee.o(i.BEE_SetRegionNonce) refers to fsl_bee.o(i.BEE_GetStatusFlags) for BEE_GetStatusFlags
    fsl_bee.o(i.BEE_SetRegionNonce) refers to fsl_bee.o(i.aligned_memcpy) for aligned_memcpy
    fsl_bee.o(i.CLOCK_ControlGate) refers to fsl_assert.o(i.__aeabi_assert) for __aeabi_assert
    fsl_cache.o(i.DCACHE_CleanByRange) refers to fsl_cache.o(i.SCB_CleanDCache_by_Addr) for SCB_CleanDCache_by_Addr
    fsl_cache.o(i.DCACHE_CleanInvalidateByRange) refers to fsl_cache.o(i.SCB_CleanInvalidateDCache_by_Addr) for SCB_CleanInvalidateDCache_by_Addr
    fsl_cache.o(i.DCACHE_InvalidateByRange) refers to fsl_cache.o(i.SCB_InvalidateDCache_by_Addr) for SCB_InvalidateDCache_by_Addr
[...]
    __main                                   0x60002401   Thumb Code     8  __main.o(!!!main)
    __scatterload                            0x60002409   Thumb Code     0  __scatter.o(!!!scatter)
    __scatterload_rt2                        0x60002409   Thumb Code    44  __scatter.o(!!!scatter)
    __scatterload_rt2_thumb_only             0x60002409   Thumb Code     0  __scatter.o(!!!scatter)
    __scatterload_null                       0x60002417   Thumb Code     0  __scatter.o(!!!scatter)
    __decompress                             0x6000243d   Thumb Code    90  __dczerorl2.o(!!dczerorl2)
    __decompress1                            0x6000243d   Thumb Code     0  __dczerorl2.o(!!dczerorl2)
    __scatterload_zeroinit                   0x60002499   Thumb Code    28  __scatter_zi.o(!!handler_zi)
    __rt_lib_init                            0x600024b5   Thumb Code     0  libinit.o(.ARM.Collect$$libinit$$00000000)
    __rt_lib_init_fp_1                       0x600024b7   Thumb Code     0  libinit2.o(.ARM.Collect$$libinit$$00000001)
    __rt_lib_init_alloca_1                   0x600024bb   Thumb Code     0  libinit2.o(.ARM.Collect$$libinit$$0000002E)
    __rt_lib_init_argv_1                     0x600024bb   Thumb Code     0  libinit2.o(.ARM.Collect$$libinit$$0000002C)
    __rt_lib_init_atexit_1                   0x600024bb   Thumb Code     0  libinit2.o(.ARM.Collect$$libinit$$0000001B)
    __rt_lib_init_clock_1                    0x600024bb   Thumb Code     0  libinit2.o(.ARM.Collect$$libinit$$00000021)
    __rt_lib_init_cpp_1                      0x600024bb   Thumb Code     0  libinit2.o(.ARM.Collect$$libinit$$00000032)
    __rt_lib_init_exceptions_1               0x600024bb   Thumb Code     0  libinit2.o(.ARM.Collect$$libinit$$00000030)
    __rt_lib_init_fp_trap_1                  0x600024bb   Thumb Code     0  libinit2.o(.ARM.Collect$$libinit$$0000001F)
    __rt_lib_init_getenv_1                   0x600024bb   Thumb Code     0  libinit2.o(.ARM.Collect$$libinit$$00000023)
    __rt_lib_init_heap_1                     0x600024bb   Thumb Code     0  libinit2.o(.ARM.Collect$$libinit$$0000000A)
    __rt_lib_init_lc_collate_1               0x600024bb   Thumb Code     0  libinit2.o(.ARM.Collect$$libinit$$00000011)
    __rt_lib_init_lc_ctype_1                 0x600024bb   Thumb Code     0  libinit2.o(.ARM.Collect$$libinit$$00000013)
    __rt_lib_init_lc_monetary_1              0x600024bb   Thumb Code     0  libinit2.o(.ARM.Collect$$libinit$$00000015)
    __rt_lib_init_lc_numeric_1               0x600024bb   Thumb Code     0  libinit2.o(.ARM.Collect$$libinit$$00000017)
    __rt_lib_init_lc_time_1                  0x600024bb   Thumb Code     0  libinit2.o(.ARM.Collect$$libinit$$00000019)
    __rt_lib_init_preinit_1                  0x600024bb   Thumb Code     0  libinit2.o(.ARM.Collect$$libinit$$00000004)
    __rt_lib_init_rand_1                     0x600024bb   Thumb Code     0  libinit2.o(.ARM.Collect$$libinit$$0000000E)
    __rt_lib_init_return                     0x600024bb   Thumb Code     0  libinit2.o(.ARM.Collect$$libinit$$00000033)
    __rt_lib_init_signal_1                   0x600024bb   Thumb Code     0  libinit2.o(.ARM.Collect$$libinit$$0000001D)
    __rt_lib_init_stdio_1                    0x600024bb   Thumb Code     0  libinit2.o(.ARM.Collect$$libinit$$00000025)
    __rt_lib_init_user_alloc_1               0x600024bb   Thumb Code     0  libinit2.o(.ARM.Collect$$libinit$$0000000C)
    __rt_lib_shutdown                        0x600024bd   Thumb Code     0  libshutdown.o(.ARM.Collect$$libshutdown$$00000000)
    __rt_lib_shutdown_cpp_1                  0x600024bf   Thumb Code     0  libshutdown2.o(.ARM.Collect$$libshutdown$$00000002)
    __rt_lib_shutdown_fp_trap_1              0x600024bf   Thumb Code     0  libshutdown2.o(.ARM.Collect$$libshutdown$$00000007)
    __rt_lib_shutdown_heap_1                 0x600024bf   Thumb Code     0  libshutdown2.o(.ARM.Collect$$libshutdown$$0000000F)
    __rt_lib_shutdown_return                 0x600024bf   Thumb Code     0  libshutdown2.o(.ARM.Collect$$libshutdown$$00000010)
    __rt_lib_shutdown_signal_1               0x600024bf   Thumb Code     0  libshutdown2.o(.ARM.Collect$$libshutdown$$0000000A)
    __rt_lib_shutdown_stdio_1                0x600024bf   Thumb Code     0  libshutdown2.o(.ARM.Collect$$libshutdown$$00000004)
    __rt_lib_shutdown_user_alloc_1           0x600024bf   Thumb Code     0  libshutdown2.o(.ARM.Collect$$libshutdown$$0000000C)
    __rt_entry                               0x600024c1   Thumb Code     0  __rtentry.o(.ARM.Collect$$rtentry$$00000000)
    __rt_entry_presh_1                       0x600024c1   Thumb Code     0  __rtentry2.o(.ARM.Collect$$rtentry$$00000002)
    __rt_entry_sh                            0x600024c1   Thumb Code     0  __rtentry7.o(.ARM.Collect$$rtentry$$00000007)
    __rt_entry_li                            0x600024c5   Thumb Code     0  __rtentry2.o(.ARM.Collect$$rtentry$$0000000A)
    __rt_entry_postsh_1                      0x600024c5   Thumb Code     0  __rtentry2.o(.ARM.Collect$$rtentry$$00000009)
    __rt_entry_main                          0x600024c9   Thumb Code     0  __rtentry2.o(.ARM.Collect$$rtentry$$0000000D)
    __rt_entry_postli_1                      0x600024c9   Thumb Code     0  __rtentry2.o(.ARM.Collect$$rtentry$$0000000C)
    __rt_exit                                0x600024d5   Thumb Code     0  rtexit.o(.ARM.Collect$$rtexit$$00000000)
    __rt_exit_ls                             0x600024d7   Thumb Code     0  rtexit2.o(.ARM.Collect$$rtexit$$00000003)
    __rt_exit_prels_1                        0x600024d7   Thumb Code     0  rtexit2.o(.ARM.Collect$$rtexit$$00000002)
    __rt_exit_exit                           0x600024db   Thumb Code     0  rtexit2.o(.ARM.Collect$$rtexit$$00000004)
    Reset_Handler                            0x600024e1   Thumb Code    76  startup_mimxrt1021.o(.text)
    NMI_Handler                              0x6000252d   Thumb Code     2  startup_mimxrt1021.o(.text)
    HardFault_Handler                        0x6000252f   Thumb Code     2  startup_mimxrt1021.o(.text)
    MemManage_Handler                        0x60002531   Thumb Code     2  startup_mimxrt1021.o(.text)
    BusFault_Handler                         0x60002533   Thumb Code     2  startup_mimxrt1021.o(.text)
    UsageFault_Handler                       0x60002535   Thumb Code     2  startup_mimxrt1021.o(.text)
    SVC_Handler                              0x60002537   Thumb Code     2  startup_mimxrt1021.o(.text)
    DebugMon_Handler                         0x60002539   Thumb Code     2  startup_mimxrt1021.o(.text)
    PendSV_Handler                           0x6000253b   Thumb Code     2  startup_mimxrt1021.o(.text)
    SysTick_Handler                          0x6000253d   Thumb Code     2  startup_mimxrt1021.o(.text)
    DMA0_DMA16_IRQHandler                    0x6000253f   Thumb Code     4  startup_mimxrt1021.o(.text)
    DMA1_DMA17_IRQHandler                    0x60002543   Thumb Code     4  startup_mimxrt1021.o(.text)
    DMA2_DMA18_IRQHandler                    0x60002547   Thumb Code     4  startup_mimxrt1021.o(.text)
    DMA3_DMA19_IRQHandler                    0x6000254b   Thumb Code     4  startup_mimxrt1021.o(.text)
    DMA4_DMA20_IRQHandler                    0x6000254f   Thumb Code     4  startup_mimxrt1021.o(.text)
    DMA5_DMA21_IRQHandler                    0x60002553   Thumb Code     4  startup_mimxrt1021.o(.text)
    DMA6_DMA22_IRQHandler                    0x60002557   Thumb Code     4  startup_mimxrt1021.o(.text)
    DMA7_DMA23_IRQHandler                    0x6000255b   Thumb Code     4  startup_mimxrt1021.o(.text)
    DMA8_DMA24_IRQHandler                    0x6000255f   Thumb Code     4  startup_mimxrt1021.o(.text)
    DMA9_DMA25_IRQHandler                    0x60002563   Thumb Code     4  startup_mimxrt1021.o(.text)
    DMA10_DMA26_IRQHandler                   0x60002567   Thumb Code     4  startup_mimxrt1021.o(.text)
    DMA11_DMA27_IRQHandler                   0x6000256b   Thumb Code     4  startup_mimxrt1021.o(.text)
    DMA12_DMA28_IRQHandler                   0x6000256f   Thumb Code     4  startup_mimxrt1021.o(.text)
    DMA13_DMA29_IRQHandler                   0x60002573   Thumb Code     4  startup_mimxrt1021.o(.text)
    DMA14_DMA30_IRQHandler                   0x60002577   Thumb Code     4  startup_mimxrt1021.o(.text)
    DMA15_DMA31_IRQHandler                   0x6000257b   Thumb Code     4  startup_mimxrt1021.o(.text)
    DMA_ERROR_IRQHandler                     0x6000257f   Thumb Code     4  startup_mimxrt1021.o(.text)
    LPUART1_IRQHandler                       0x60002583   Thumb Code     4  startup_mimxrt1021.o(.text)
    LPUART2_IRQHandler                       0x60002587   Thumb Code     4  startup_mimxrt1021.o(.text)
    LPUART3_IRQHandler                       0x6000258b   Thumb Code     4  startup_mimxrt1021.o(.text)
    LPUART4_IRQHandler                       0x6000258f   Thumb Code     4  startup_mimxrt1021.o(.text)
    LPUART5_IRQHandler                       0x60002593   Thumb Code     4  startup_mimxrt1021.o(.text)
    LPUART6_IRQHandler                       0x60002597   Thumb Code     4  startup_mimxrt1021.o(.text)
    LPUART7_IRQHandler                       0x6000259b   Thumb Code     4  startup_mimxrt1021.o(.text)
    LPUART8_IRQHandler                       0x6000259f   Thumb Code     4  startup_mimxrt1021.o(.text)
    LPI2C1_IRQHandler                        0x600025a3   Thumb Code     4  startup_mimxrt1021.o(.text)
    LPI2C2_IRQHandler                        0x600025a7   Thumb Code     4  startup_mimxrt1021.o(.text)
    LPI2C3_IRQHandler                        0x600025ab   Thumb Code     4  startup_mimxrt1021.o(.text)
    LPI2C4_IRQHandler                        0x600025af   Thumb Code     4  startup_mimxrt1021.o(.text)
    LPSPI1_IRQHandler                        0x600025b3   Thumb Code     4  startup_mimxrt1021.o(.text)
    LPSPI2_IRQHandler                        0x600025b7   Thumb Code     4  startup_mimxrt1021.o(.text)
    LPSPI3_IRQHandler                        0x600025bb   Thumb Code     4  startup_mimxrt1021.o(.text)
    LPSPI4_IRQHandler                        0x600025bf   Thumb Code     4  startup_mimxrt1021.o(.text)
    CAN1_IRQHandler                          0x600025c3   Thumb Code     4  startup_mimxrt1021.o(.text)
    CAN2_IRQHandler                          0x600025c7   Thumb Code     4  startup_mimxrt1021.o(.text)
    SAI1_IRQHandler                          0x600025cb   Thumb Code     4  startup_mimxrt1021.o(.text)
    SAI2_IRQHandler                          0x600025cf   Thumb Code     4  startup_mimxrt1021.o(.text)
    SAI3_RX_IRQHandler                       0x600025d3   Thumb Code     4  startup_mimxrt1021.o(.text)
    SAI3_TX_IRQHandler                       0x600025d7   Thumb Code     4  startup_mimxrt1021.o(.text)
    SPDIF_IRQHandler                         0x600025db   Thumb Code     4  startup_mimxrt1021.o(.text)
    FLEXIO1_IRQHandler                       0x600025df   Thumb Code     4  startup_mimxrt1021.o(.text)
    FLEXSPI_IRQHandler                       0x600025e3   Thumb Code     4  startup_mimxrt1021.o(.text)
    USDHC1_IRQHandler                        0x600025e7   Thumb Code     4  startup_mimxrt1021.o(.text)
    USDHC2_IRQHandler                        0x600025eb   Thumb Code     4  startup_mimxrt1021.o(.text)
    ENET_IRQHandler                          0x600025ef   Thumb Code     4  startup_mimxrt1021.o(.text)
    ACMP1_IRQHandler                         0x600025f7   Thumb Code     0  startup_mimxrt1021.o(.text)
    ACMP2_IRQHandler                         0x600025f7   Thumb Code     0  startup_mimxrt1021.o(.text)
    ACMP3_IRQHandler                         0x600025f7   Thumb Code     0  startup_mimxrt1021.o(.text)
    ACMP4_IRQHandler                         0x600025f7   Thumb Code     0  startup_mimxrt1021.o(.text)
    ADC1_IRQHandler                          0x600025f7   Thumb Code     0  startup_mimxrt1021.o(.text)
    ADC2_IRQHandler                          0x600025f7   Thumb Code     0  startup_mimxrt1021.o(.text)
    ADC_ETC_ERROR_IRQ_IRQHandler             0x600025f7   Thumb Code     0  startup_mimxrt1021.o(.text)
    ADC_ETC_IRQ0_IRQHandler                  0x600025f7   Thumb Code     0  startup_mimxrt1021.o(.text)
    ADC_ETC_IRQ1_IRQHandler                  0x600025f7   Thumb Code     0  startup_mimxrt1021.o(.text)
    ADC_ETC_IRQ2_IRQHandler                  0x600025f7   Thumb Code     0  startup_mimxrt1021.o(.text)
    BEE_IRQHandler                           0x600025f7   Thumb Code     0  startup_mimxrt1021.o(.text)
    CCM_1_IRQHandler                         0x600025f7   Thumb Code     0  startup_mimxrt1021.o(.text)
    CCM_2_IRQHandler                         0x600025f7   Thumb Code     0  startup_mimxrt1021.o(.text)
    CORE_IRQHandler                          0x600025f7   Thumb Code     0  startup_mimxrt1021.o(.text)
    CSU_IRQHandler                           0x600025f7   Thumb Code     0  startup_mimxrt1021.o(.text)
    CTI0_ERROR_IRQHandler                    0x600025f7   Thumb Code     0  startup_mimxrt1021.o(.text)
    CTI1_ERROR_IRQHandler                    0x600025f7   Thumb Code     0  startup_mimxrt1021.o(.text)
    DCDC_IRQHandler                          0x600025f7   Thumb Code     0  startup_mimxrt1021.o(.text)
    DCP_IRQHandler                           0x600025f7   Thumb Code     0  startup_mimxrt1021.o(.text)
    DCP_VMI_IRQHandler                       0x600025f7   Thumb Code     0  startup_mimxrt1021.o(.text)
    DMA_ERROR_DriverIRQHandler               0x600025f7   Thumb Code     0  startup_mimxrt1021.o(.text)
    DefaultISR                               0x600025f7   Thumb Code     0  startup_mimxrt1021.o(.text)
    ENC1_IRQHandler                          0x600025f7   Thumb Code     0  startup_mimxrt1021.o(.text)
    ENC2_IRQHandler                          0x600025f7   Thumb Code     0  startup_mimxrt1021.o(.text)
    ENET_1588_Timer_DriverIRQHandler         0x600025f7   Thumb Code     0  startup_mimxrt1021.o(.text)
    EWM_IRQHandler                           0x600025f7   Thumb Code     0  startup_mimxrt1021.o(.text)
    FLEXRAM_IRQHandler                       0x600025f7   Thumb Code     0  startup_mimxrt1021.o(.text)
    FLEXSPI_DriverIRQHandler                 0x600025f7   Thumb Code     0  startup_mimxrt1021.o(.text)
    GPC_IRQHandler                           0x600025f7   Thumb Code     0  startup_mimxrt1021.o(.text)
    GPIO1_Combined_0_15_IRQHandler           0x600025f7   Thumb Code     0  startup_mimxrt1021.o(.text)
    GPIO1_INT0_IRQHandler                    0x600025f7   Thumb Code     0  startup_mimxrt1021.o(.text)
    GPIO1_INT1_IRQHandler                    0x600025f7   Thumb Code     0  startup_mimxrt1021.o(.text)
    GPIO1_INT2_IRQHandler                    0x600025f7   Thumb Code     0  startup_mimxrt1021.o(.text)
    GPIO1_INT3_IRQHandler                    0x600025f7   Thumb Code     0  startup_mimxrt1021.o(.text)
    GPIO1_INT4_IRQHandler                    0x600025f7   Thumb Code     0  startup_mimxrt1021.o(.text)
    GPIO1_INT5_IRQHandler                    0x600025f7   Thumb Code     0  startup_mimxrt1021.o(.text)
    GPIO1_INT6_IRQHandler                    0x600025f7   Thumb Code     0  startup_mimxrt1021.o(.text)
    GPIO1_INT7_IRQHandler                    0x600025f7   Thumb Code     0  startup_mimxrt1021.o(.text)
    GPIO2_Combined_16_31_IRQHandler          0x600025f7   Thumb Code     0  startup_mimxrt1021.o(.text)
    GPIO3_Combined_0_15_IRQHandler           0x600025f7   Thumb Code     0  startup_mimxrt1021.o(.text)
    GPIO3_Combined_16_31_IRQHandler          0x600025f7   Thumb Code     0  startup_mimxrt1021.o(.text)
    GPIO5_Combined_0_15_IRQHandler           0x600025f7   Thumb Code     0  startup_mimxrt1021.o(.text)
    GPIO5_Combined_16_31_IRQHandler          0x600025f7   Thumb Code     0  startup_mimxrt1021.o(.text)
    GPR_IRQ_IRQHandler                       0x600025f7   Thumb Code     0  startup_mimxrt1021.o(.text)
    GPT1_IRQHandler                          0x600025f7   Thumb Code     0  startup_mimxrt1021.o(.text)
    GPT2_IRQHandler                          0x600025f7   Thumb Code     0  startup_mimxrt1021.o(.text)
    KPP_IRQHandler                           0x600025f7   Thumb Code     0  startup_mimxrt1021.o(.text)
    PMU_IRQHandler                           0x600025f7   Thumb Code     0  startup_mimxrt1021.o(.text)
    PWM1_0_IRQHandler                        0x600025f7   Thumb Code     0  startup_mimxrt1021.o(.text)
    PWM1_1_IRQHandler                        0x600025f7   Thumb Code     0  startup_mimxrt1021.o(.text)
    PWM1_2_IRQHandler                        0x600025f7   Thumb Code     0  startup_mimxrt1021.o(.text)
    PWM1_3_IRQHandler                        0x600025f7   Thumb Code     0  startup_mimxrt1021.o(.text)
    PWM1_FAULT_IRQHandler                    0x600025f7   Thumb Code     0  startup_mimxrt1021.o(.text)
    PWM2_0_IRQHandler                        0x600025f7   Thumb Code     0  startup_mimxrt1021.o(.text)
    PWM2_1_IRQHandler                        0x600025f7   Thumb Code     0  startup_mimxrt1021.o(.text)
    PWM2_2_IRQHandler                        0x600025f7   Thumb Code     0  startup_mimxrt1021.o(.text)
    PWM2_3_IRQHandler                        0x600025f7   Thumb Code     0  startup_mimxrt1021.o(.text)
    PWM2_FAULT_IRQHandler                    0x600025f7   Thumb Code     0  startup_mimxrt1021.o(.text)
    RTWDOG_IRQHandler                        0x600025f7   Thumb Code     0  startup_mimxrt1021.o(.text)
    Reserved102_IRQHandler                   0x600025f7   Thumb Code     0  startup_mimxrt1021.o(.text)
    Reserved103_IRQHandler                   0x600025f7   Thumb Code     0  startup_mimxrt1021.o(.text)
    Reserved107_IRQHandler                   0x600025f7   Thumb Code     0  startup_mimxrt1021.o(.text)
    Reserved115_IRQHandler                   0x600025f7   Thumb Code     0  startup_mimxrt1021.o(.text)
    Reserved123_IRQHandler                   0x600025f7   Thumb Code     0  startup_mimxrt1021.o(.text)
    Reserved128_IRQHandler                   0x600025f7   Thumb Code     0  startup_mimxrt1021.o(.text)
    Reserved143_IRQHandler                   0x600025f7   Thumb Code     0  startup_mimxrt1021.o(.text)
    Reserved144_IRQHandler                   0x600025f7   Thumb Code     0  startup_mimxrt1021.o(.text)
    Reserved147_IRQHandler                   0x600025f7   Thumb Code     0  startup_mimxrt1021.o(.text)
    Reserved148_IRQHandler                   0x600025f7   Thumb Code     0  startup_mimxrt1021.o(.text)
    Reserved151_IRQHandler                   0x600025f7   Thumb Code     0  startup_mimxrt1021.o(.text)
    Reserved152_IRQHandler                   0x600025f7   Thumb Code     0  startup_mimxrt1021.o(.text)
    Reserved56_IRQHandler                    0x600025f7   Thumb Code     0  startup_mimxrt1021.o(.text)
    Reserved58_IRQHandler                    0x600025f7   Thumb Code     0  startup_mimxrt1021.o(.text)
    Reserved59_IRQHandler                    0x600025f7   Thumb Code     0  startup_mimxrt1021.o(.text)
    Reserved60_IRQHandler                    0x600025f7   Thumb Code     0  startup_mimxrt1021.o(.text)
    Reserved68_IRQHandler                    0x600025f7   Thumb Code     0  startup_mimxrt1021.o(.text)
    Reserved70_IRQHandler                    0x600025f7   Thumb Code     0  startup_mimxrt1021.o(.text)
    Reserved78_IRQHandler                    0x600025f7   Thumb Code     0  startup_mimxrt1021.o(.text)
    Reserved82_IRQHandler                    0x600025f7   Thumb Code     0  startup_mimxrt1021.o(.text)
    Reserved86_IRQHandler                    0x600025f7   Thumb Code     0  startup_mimxrt1021.o(.text)
    Reserved87_IRQHandler                    0x600025f7   Thumb Code     0  startup_mimxrt1021.o(.text)
    SEMC_IRQHandler                          0x600025f7   Thumb Code     0  startup_mimxrt1021.o(.text)
    SNVS_HP_WRAPPER_IRQHandler               0x600025f7   Thumb Code     0  startup_mimxrt1021.o(.text)
    SNVS_HP_WRAPPER_TZ_IRQHandler            0x600025f7   Thumb Code     0  startup_mimxrt1021.o(.text)
    SNVS_LP_WRAPPER_IRQHandler               0x600025f7   Thumb Code     0  startup_mimxrt1021.o(.text)
    SRC_IRQHandler                           0x600025f7   Thumb Code     0  startup_mimxrt1021.o(.text)
    TEMP_LOW_HIGH_IRQHandler                 0x600025f7   Thumb Code     0  startup_mimxrt1021.o(.text)
    TEMP_PANIC_IRQHandler                    0x600025f7   Thumb Code     0  startup_mimxrt1021.o(.text)
    TMR1_IRQHandler                          0x600025f7   Thumb Code     0  startup_mimxrt1021.o(.text)
    TMR2_IRQHandler                          0x600025f7   Thumb Code     0  startup_mimxrt1021.o(.text)
    TRNG_IRQHandler                          0x600025f7   Thumb Code     0  startup_mimxrt1021.o(.text)
    USB_OTG1_IRQHandler                      0x600025f7   Thumb Code     0  startup_mimxrt1021.o(.text)
    USB_PHY_IRQHandler                       0x600025f7   Thumb Code     0  startup_mimxrt1021.o(.text)
    WDOG1_IRQHandler                         0x600025f7   Thumb Code     0  startup_mimxrt1021.o(.text)
    WDOG2_IRQHandler                         0x600025f7   Thumb Code     0  startup_mimxrt1021.o(.text)
    XBAR1_IRQ_0_1_IRQHandler                 0x600025f7   Thumb Code     0  startup_mimxrt1021.o(.text)
    XBAR1_IRQ_2_3_IRQHandler                 0x600025f7   Thumb Code     0  startup_mimxrt1021.o(.text)
    __aeabi_uldivmod                         0x600026d5   Thumb Code     0  lludivv7m.o(.text)
    _ll_udiv                                 0x600026d5   Thumb Code   238  lludivv7m.o(.text)
    __aeabi_ldivmod                          0x600027c3   Thumb Code     0  llsdiv.o(.text)
    _ll_sdiv                                 0x600027c3   Thumb Code    72  llsdiv.o(.text)
    strlen                                   0x6000280b   Thumb Code    62  strlen.o(.text)
    __aeabi_memcpy4                          0x60002849   Thumb Code     0  rt_memcpy_w.o(.text)
    __aeabi_memcpy8                          0x60002849   Thumb Code     0  rt_memcpy_w.o(.text)
    __rt_memcpy_w                            0x60002849   Thumb Code   100  rt_memcpy_w.o(.text)
    _memcpy_lastbytes_aligned                0x60002891   Thumb Code     0  rt_memcpy_w.o(.text)
    __aeabi_memclr4                          0x600028ad   Thumb Code     0  rt_memclr_w.o(.text)
    __aeabi_memclr8                          0x600028ad   Thumb Code     0  rt_memclr_w.o(.text)
    __rt_memclr_w                            0x600028ad   Thumb Code    78  rt_memclr_w.o(.text)
    _memset_w                                0x600028b1   Thumb Code     0  rt_memclr_w.o(.text)
    __read_errno                             0x600028fb   Thumb Code    10  _rserrno.o(.text)
    __set_errno                              0x60002905   Thumb Code    12  _rserrno.o(.text)
    __aeabi_errno_addr                       0x60002911   Thumb Code     8  rt_errno_addr_intlibspace.o(.text)
    __errno$intlibspace                      0x60002911   Thumb Code     0  rt_errno_addr_intlibspace.o(.text)
    __rt_errno_addr$intlibspace              0x60002911   Thumb Code     0  rt_errno_addr_intlibspace.o(.text)
    __I$use$semihosting                      0x60002919   Thumb Code     0  use_no_semi.o(.text)
    __use_no_semihosting_swi                 0x60002919   Thumb Code     2  use_no_semi.o(.text)
    __semihosting_library_function           0x6000291b   Thumb Code     0  indicate_semi.o(.text)
    exit                                     0x6000291b   Thumb Code    18  exit.o(.text)
    _sys_exit                                0x6000292d   Thumb Code     8  sys_exit.o(.text)
    BOARD_BootClockRUN                       0x60002939   Thumb Code   382  clock_config.o(i.BOARD_BootClockRUN)
    BOARD_ConfigMPU                          0x60002b2d   Thumb Code   386  board.o(i.BOARD_ConfigMPU)
    BOARD_DebugConsoleSrcFreq                0x60002ce1   Thumb Code    92  board.o(i.BOARD_DebugConsoleSrcFreq)
    BOARD_InitDebugConsole                   0x60002d59   Thumb Code    24  board.o(i.BOARD_InitDebugConsole)
    CAN1_DriverIRQHandler                    0x60002d71   Thumb Code    36  fsl_flexcan.o(i.CAN1_DriverIRQHandler)
    CAN2_DriverIRQHandler                    0x60002de5   Thumb Code    36  fsl_flexcan.o(i.CAN2_DriverIRQHandler)
    CLOCK_GetAhbFreq                         0x60003241   Thumb Code    22  fsl_clock.o(i.CLOCK_GetAhbFreq)
    CLOCK_GetFreq                            0x6000327d   Thumb Code   242  fsl_clock.o(i.CLOCK_GetFreq)
    CLOCK_GetIpgFreq                         0x60003381   Thumb Code    22  fsl_clock.o(i.CLOCK_GetIpgFreq)
    CLOCK_GetPerClkFreq                      0x600033bd   Thumb Code    46  fsl_clock.o(i.CLOCK_GetPerClkFreq)
    CLOCK_GetPllFreq                         0x600034a9   Thumb Code   422  fsl_clock.o(i.CLOCK_GetPllFreq)
    CLOCK_GetSemcFreq                        0x6000366d   Thumb Code    66  fsl_clock.o(i.CLOCK_GetSemcFreq)
    CLOCK_GetSysPfdFreq                      0x600036b5   Thumb Code   100  fsl_clock.o(i.CLOCK_GetSysPfdFreq)
    CLOCK_GetUsb1PfdFreq                     0x60003721   Thumb Code   100  fsl_clock.o(i.CLOCK_GetUsb1PfdFreq)
    CLOCK_InitEnetPll                        0x6000378d   Thumb Code   112  fsl_clock.o(i.CLOCK_InitEnetPll)
    CLOCK_InitUsb1Pfd                        0x60003801   Thumb Code    52  fsl_clock.o(i.CLOCK_InitUsb1Pfd)
    CLOCK_InitUsb1Pll                        0x60003839   Thumb Code    82  fsl_clock.o(i.CLOCK_InitUsb1Pll)
    DMA0_DMA16_DriverIRQHandler              0x60003cfd   Thumb Code    48  fsl_edma.o(i.DMA0_DMA16_DriverIRQHandler)
    DMA10_DMA26_DriverIRQHandler             0x60003d35   Thumb Code    48  fsl_edma.o(i.DMA10_DMA26_DriverIRQHandler)
    DMA11_DMA27_DriverIRQHandler             0x60003d6d   Thumb Code    48  fsl_edma.o(i.DMA11_DMA27_DriverIRQHandler)
    DMA12_DMA28_DriverIRQHandler             0x60003da5   Thumb Code    48  fsl_edma.o(i.DMA12_DMA28_DriverIRQHandler)
    DMA13_DMA29_DriverIRQHandler             0x60003ddd   Thumb Code    48  fsl_edma.o(i.DMA13_DMA29_DriverIRQHandler)
    DMA14_DMA30_DriverIRQHandler             0x60003e15   Thumb Code    48  fsl_edma.o(i.DMA14_DMA30_DriverIRQHandler)
    DMA15_DMA31_DriverIRQHandler             0x60003e4d   Thumb Code    48  fsl_edma.o(i.DMA15_DMA31_DriverIRQHandler)
    DMA1_DMA17_DriverIRQHandler              0x60003e85   Thumb Code    48  fsl_edma.o(i.DMA1_DMA17_DriverIRQHandler)
    DMA2_DMA18_DriverIRQHandler              0x60003ebd   Thumb Code    48  fsl_edma.o(i.DMA2_DMA18_DriverIRQHandler)
    DMA3_DMA19_DriverIRQHandler              0x60003ef5   Thumb Code    48  fsl_edma.o(i.DMA3_DMA19_DriverIRQHandler)
    DMA4_DMA20_DriverIRQHandler              0x60003f2d   Thumb Code    48  fsl_edma.o(i.DMA4_DMA20_DriverIRQHandler)
    DMA5_DMA21_DriverIRQHandler              0x60003f65   Thumb Code    48  fsl_edma.o(i.DMA5_DMA21_DriverIRQHandler)
    DMA6_DMA22_DriverIRQHandler              0x60003f9d   Thumb Code    48  fsl_edma.o(i.DMA6_DMA22_DriverIRQHandler)
    DMA7_DMA23_DriverIRQHandler              0x60003fd5   Thumb Code    48  fsl_edma.o(i.DMA7_DMA23_DriverIRQHandler)
    DMA8_DMA24_DriverIRQHandler              0x6000400d   Thumb Code    48  fsl_edma.o(i.DMA8_DMA24_DriverIRQHandler)
    DMA9_DMA25_DriverIRQHandler              0x60004045   Thumb Code    48  fsl_edma.o(i.DMA9_DMA25_DriverIRQHandler)
    DMAMUX_Deinit                            0x6000407d   Thumb Code    28  fsl_dmamux.o(i.DMAMUX_Deinit)
    DMAMUX_Init                              0x60004129   Thumb Code    28  fsl_dmamux.o(i.DMAMUX_Init)
    DbgConsole_Init                          0x60004149   Thumb Code   182  fsl_debug_console.o(i.DbgConsole_Init)
    DbgConsole_Printf                        0x60004279   Thumb Code    60  fsl_debug_console.o(i.DbgConsole_Printf)
    DbgConsole_SendData                      0x600042b9   Thumb Code    66  fsl_debug_console.o(i.DbgConsole_SendData)
    EDMA_CreateHandle                        0x60004329   Thumb Code   172  fsl_edma.o(i.EDMA_CreateHandle)
    EDMA_Deinit                              0x60004445   Thumb Code    28  fsl_edma.o(i.EDMA_Deinit)
    EDMA_GetChannelStatusFlags               0x60004465   Thumb Code    70  fsl_edma.o(i.EDMA_GetChannelStatusFlags)
    EDMA_GetDefaultConfig                    0x60004505   Thumb Code    36  fsl_edma.o(i.EDMA_GetDefaultConfig)
    EDMA_HandleIRQ                           0x600045e9   Thumb Code   210  fsl_edma.o(i.EDMA_HandleIRQ)
    EDMA_Init                                0x600046f9   Thumb Code   110  fsl_edma.o(i.EDMA_Init)
    EDMA_InstallTCD                          0x600047a9   Thumb Code   202  fsl_edma.o(i.EDMA_InstallTCD)
    EDMA_PrepareTransfer                     0x600048f9   Thumb Code   364  fsl_edma.o(i.EDMA_PrepareTransfer)
    EDMA_SetCallback                         0x60004af5   Thumb Code    30  fsl_edma.o(i.EDMA_SetCallback)
    EDMA_SetModulo                           0x60004b51   Thumb Code    82  fsl_edma.o(i.EDMA_SetModulo)
    EDMA_SetTransferConfig                   0x60004bfd   Thumb Code    80  fsl_edma.o(i.EDMA_SetTransferConfig)
    EDMA_StartTransfer                       0x60004cd9   Thumb Code   116  fsl_edma.o(i.EDMA_StartTransfer)
    EDMA_SubmitTransfer                      0x60004d89   Thumb Code   442  fsl_edma.o(i.EDMA_SubmitTransfer)
    EDMA_TcdReset                            0x60004f91   Thumb Code    70  fsl_edma.o(i.EDMA_TcdReset)
    EDMA_TcdSetTransferConfig                0x60005031   Thumb Code   146  fsl_edma.o(i.EDMA_TcdSetTransferConfig)
    ENET_1588_Timer_IRQHandler               0x60005151   Thumb Code    16  fsl_enet.o(i.ENET_1588_Timer_IRQHandler)
    ENET_CommonFrame0IRQHandler              0x6000516d   Thumb Code    96  fsl_enet.o(i.ENET_CommonFrame0IRQHandler)
    ENET_DriverIRQHandler                    0x600051e5   Thumb Code    10  fsl_enet.o(i.ENET_DriverIRQHandler)
    ENET_GetInstance                         0x600051f5   Thumb Code    48  fsl_enet.o(i.ENET_GetInstance)
    FLEXIO1_DriverIRQHandler                 0x60005283   Thumb Code     8  fsl_flexio.o(i.FLEXIO1_DriverIRQHandler)
    FLEXIO_CAMERA_ClearStatusFlags           0x6000528b   Thumb Code    62  fsl_flexio_camera.o(i.FLEXIO_CAMERA_ClearStatusFlags)
    FLEXIO_CAMERA_GetDefaultConfig           0x600052c9   Thumb Code    30  fsl_flexio_camera.o(i.FLEXIO_CAMERA_GetDefaultConfig)
    FLEXIO_CAMERA_GetInstance                0x60005325   Thumb Code    12  fsl_flexio_camera.o(i.FLEXIO_CAMERA_GetInstance)
    FLEXIO_CAMERA_Init                       0x60005331   Thumb Code   366  fsl_flexio_camera.o(i.FLEXIO_CAMERA_Init)
    FLEXIO_CommonIRQHandler                  0x600054f1   Thumb Code    44  fsl_flexio.o(i.FLEXIO_CommonIRQHandler)
    FLEXIO_GetInstance                       0x60005529   Thumb Code    48  fsl_flexio.o(i.FLEXIO_GetInstance)
    FLEXIO_GetShifterBufferAddress           0x600055b5   Thumb Code   124  fsl_flexio.o(i.FLEXIO_GetShifterBufferAddress)
    FLEXIO_Reset                             0x60005681   Thumb Code    14  fsl_flexio.o(i.FLEXIO_Reset)
    FLEXIO_SetShifterConfig                  0x6000568f   Thumb Code   124  fsl_flexio.o(i.FLEXIO_SetShifterConfig)
    FLEXIO_SetTimerConfig                    0x6000570b   Thumb Code   178  fsl_flexio.o(i.FLEXIO_SetTimerConfig)
    GPIO1_Combined_16_31_IRQHandler          0x600057bd   Thumb Code     8  isr.o(i.GPIO1_Combined_16_31_IRQHandler)
    GPIO2_Combined_0_15_IRQHandler           0x600057c5   Thumb Code    28  isr.o(i.GPIO2_Combined_0_15_IRQHandler)
    GPIO_PinInit                             0x6000586d   Thumb Code    92  fsl_gpio.o(i.GPIO_PinInit)
    GPIO_PinSetInterruptConfig               0x600058cd   Thumb Code   138  fsl_gpio.o(i.GPIO_PinSetInterruptConfig)
    GPIO_PinWrite                            0x60005959   Thumb Code    50  fsl_gpio.o(i.GPIO_PinWrite)
    HAL_UartInit                             0x600059f1   Thumb Code   206  lpuart_adapter.o(i.HAL_UartInit)
    HAL_UartSendBlocking                     0x60005b3d   Thumb Code    82  lpuart_adapter.o(i.HAL_UartSendBlocking)
    LPI2C1_DriverIRQHandler                  0x60005c11   Thumb Code    12  fsl_lpi2c.o(i.LPI2C1_DriverIRQHandler)
    LPI2C2_DriverIRQHandler                  0x60005c21   Thumb Code    12  fsl_lpi2c.o(i.LPI2C2_DriverIRQHandler)
    LPI2C3_DriverIRQHandler                  0x60005c31   Thumb Code    12  fsl_lpi2c.o(i.LPI2C3_DriverIRQHandler)
    LPI2C4_DriverIRQHandler                  0x60005c41   Thumb Code    12  fsl_lpi2c.o(i.LPI2C4_DriverIRQHandler)
    LPSPI1_DriverIRQHandler                  0x60005ca5   Thumb Code    34  fsl_lpspi.o(i.LPSPI1_DriverIRQHandler)
    LPSPI2_DriverIRQHandler                  0x60005d11   Thumb Code    34  fsl_lpspi.o(i.LPSPI2_DriverIRQHandler)
    LPSPI3_DriverIRQHandler                  0x60005d7d   Thumb Code    34  fsl_lpspi.o(i.LPSPI3_DriverIRQHandler)
    LPSPI4_DriverIRQHandler                  0x60005de9   Thumb Code    34  fsl_lpspi.o(i.LPSPI4_DriverIRQHandler)
    LPUART1_DriverIRQHandler                 0x60005e85   Thumb Code    16  fsl_lpuart.o(i.LPUART1_DriverIRQHandler)
    LPUART2_DriverIRQHandler                 0x60005ea1   Thumb Code    16  fsl_lpuart.o(i.LPUART2_DriverIRQHandler)
    LPUART3_DriverIRQHandler                 0x60005ebd   Thumb Code    16  fsl_lpuart.o(i.LPUART3_DriverIRQHandler)
    LPUART4_DriverIRQHandler                 0x60005ed9   Thumb Code    16  fsl_lpuart.o(i.LPUART4_DriverIRQHandler)
    LPUART5_DriverIRQHandler                 0x60005ef5   Thumb Code    16  fsl_lpuart.o(i.LPUART5_DriverIRQHandler)
    LPUART6_DriverIRQHandler                 0x60005f11   Thumb Code    16  fsl_lpuart.o(i.LPUART6_DriverIRQHandler)
    LPUART7_DriverIRQHandler                 0x60005f2d   Thumb Code    16  fsl_lpuart.o(i.LPUART7_DriverIRQHandler)
    LPUART8_DriverIRQHandler                 0x60005f49   Thumb Code    16  fsl_lpuart.o(i.LPUART8_DriverIRQHandler)
    LPUART_Deinit                            0x60005f65   Thumb Code    78  fsl_lpuart.o(i.LPUART_Deinit)
    LPUART_DisableInterrupts                 0x60005fbd   Thumb Code    44  fsl_lpuart.o(i.LPUART_DisableInterrupts)
    LPUART_EnableInterrupts                  0x60005fe9   Thumb Code    44  fsl_lpuart.o(i.LPUART_EnableInterrupts)
    LPUART_GetDefaultConfig                  0x60006015   Thumb Code    66  fsl_lpuart.o(i.LPUART_GetDefaultConfig)
    LPUART_GetEnabledInterrupts              0x60006091   Thumb Code    28  fsl_lpuart.o(i.LPUART_GetEnabledInterrupts)
    LPUART_GetInstance                       0x600060b1   Thumb Code    48  fsl_lpuart.o(i.LPUART_GetInstance)
    LPUART_GetStatusFlags                    0x6000613d   Thumb Code    16  fsl_lpuart.o(i.LPUART_GetStatusFlags)
    LPUART_Init                              0x6000614d   Thumb Code   548  fsl_lpuart.o(i.LPUART_Init)
    LPUART_TransferCreateHandle              0x600064d9   Thumb Code   156  fsl_lpuart.o(i.LPUART_TransferCreateHandle)
    LPUART_TransferGetRxRingBufferLength     0x600065bd   Thumb Code    50  fsl_lpuart.o(i.LPUART_TransferGetRxRingBufferLength)
    LPUART_TransferHandleIRQ                 0x60006629   Thumb Code   588  fsl_lpuart.o(i.LPUART_TransferHandleIRQ)
    LPUART_WriteBlocking                     0x60006919   Thumb Code    54  fsl_lpuart.o(i.LPUART_WriteBlocking)
    PIT_IRQHandler                           0x60006a0d   Thumb Code   100  isr.o(i.PIT_IRQHandler)
    SAI1_DriverIRQHandler                    0x60006a75   Thumb Code   132  fsl_sai.o(i.SAI1_DriverIRQHandler)
    SAI2_DriverIRQHandler                    0x60006b09   Thumb Code   132  fsl_sai.o(i.SAI2_DriverIRQHandler)
    SAI3_RX_DriverIRQHandler                 0x60006b9d   Thumb Code    36  fsl_sai.o(i.SAI3_RX_DriverIRQHandler)
    SAI3_TX_DriverIRQHandler                 0x60006c0d   Thumb Code    36  fsl_sai.o(i.SAI3_TX_DriverIRQHandler)
    SPDIF_DriverIRQHandler                   0x60006f4d   Thumb Code    52  fsl_spdif.o(i.SPDIF_DriverIRQHandler)
    SerialManager_Init                       0x60006f91   Thumb Code    90  serial_manager.o(i.SerialManager_Init)
    SerialManager_OpenReadHandle             0x60007009   Thumb Code    68  serial_manager.o(i.SerialManager_OpenReadHandle)
    SerialManager_OpenWriteHandle            0x6000706d   Thumb Code    62  serial_manager.o(i.SerialManager_OpenWriteHandle)
    SerialManager_WriteBlocking              0x60007189   Thumb Code    20  serial_manager.o(i.SerialManager_WriteBlocking)
    Serial_UartInit                          0x6000719d   Thumb Code   102  serial_port_uart.o(i.Serial_UartInit)
    Serial_UartWrite                         0x60007229   Thumb Code    74  serial_port_uart.o(i.Serial_UartWrite)
    StrFormatPrintf                          0x60007299   Thumb Code  1588  fsl_str.o(i.StrFormatPrintf)
    SystemCoreClockUpdate                    0x600078cd   Thumb Code   304  system_mimxrt1021.o(i.SystemCoreClockUpdate)
    SystemInit                               0x60007a15   Thumb Code   182  system_mimxrt1021.o(i.SystemInit)
    SystemInitHook                           0x60007ae1   Thumb Code     2  system_mimxrt1021.o(i.SystemInitHook)
    TRANS_Binary                             0x60007ae5   Thumb Code    84  trans.o(i.TRANS_Binary)
    TRANS_Extract                            0x60007b3d   Thumb Code   128  trans.o(i.TRANS_Extract)
    TRANS_Gray                               0x60007bc5   Thumb Code    22  trans.o(i.TRANS_Gray)
    TRANS_Image                              0x60007bdb   Thumb Code    48  trans.o(i.TRANS_Image)
    TRANS_Otsu                               0x60007c0b   Thumb Code   256  trans.o(i.TRANS_Otsu)
    TRANS_Rgb                                0x60007d0b   Thumb Code    52  trans.o(i.TRANS_Rgb)
    TRANS_Rgb2Gray                           0x60007d3f   Thumb Code    56  trans.o(i.TRANS_Rgb2Gray)
    TRANS_SaveGray                           0x60007d79   Thumb Code    20  trans.o(i.TRANS_SaveGray)
    USDHC1_DriverIRQHandler                  0x60007d91   Thumb Code    18  fsl_usdhc.o(i.USDHC1_DriverIRQHandler)
    USDHC2_DriverIRQHandler                  0x60007db1   Thumb Code    18  fsl_usdhc.o(i.USDHC2_DriverIRQHandler)
    __ARM_fpclassify                         0x60007dd1   Thumb Code    48  fpclassify.o(i.__ARM_fpclassify)
    __aeabi_assert                           0x60007e29   Thumb Code    24  fsl_assert.o(i.__aeabi_assert)
    __hardfp_modf                            0x60007e6d   Thumb Code   186  modf.o(i.__hardfp_modf)
    __hardfp_pow                             0x60007f31   Thumb Code  2140  pow.o(i.__hardfp_pow)
    __kernel_poly                            0x60008829   Thumb Code   112  poly.o(i.__kernel_poly)
    __mathlib_dbl_divzero                    0x60008899   Thumb Code    14  dunder.o(i.__mathlib_dbl_divzero)
    __mathlib_dbl_infnan2                    0x600088b9   Thumb Code     6  dunder.o(i.__mathlib_dbl_infnan2)
    __mathlib_dbl_invalid                    0x600088c1   Thumb Code    10  dunder.o(i.__mathlib_dbl_invalid)
    __mathlib_dbl_overflow                   0x600088d9   Thumb Code    10  dunder.o(i.__mathlib_dbl_overflow)
    __mathlib_dbl_underflow                  0x600088f1   Thumb Code    10  dunder.o(i.__mathlib_dbl_underflow)
    board_init                               0x60008909   Thumb Code    90  board.o(i.board_init)
    dma_mux_init                             0x6000896d   Thumb Code    88  zf_camera.o(i.dma_mux_init)
    dma_restart                              0x60008a25   Thumb Code    20  zf_camera.o(i.dma_restart)
    fabs                                     0x60008a41   Thumb Code    24  fabs.o(i.fabs)
    flexio_camera                            0x60008a59   Thumb Code   104  zf_camera.o(i.flexio_camera)
    flexio_dma_init                          0x60008acd   Thumb Code   172  zf_camera.o(i.flexio_dma_init)
    flexio_enable_rxdma                      0x60008bc1   Thumb Code    40  zf_camera.o(i.flexio_enable_rxdma)
    flexio_flag_clear                        0x60008bed   Thumb Code    12  zf_camera.o(i.flexio_flag_clear)
    flexio_iomuxc                            0x60008bfd   Thumb Code   246  zf_camera.o(i.flexio_iomuxc)
    gpio_get                                 0x60008d49   Thumb Code    50  zf_gpio.o(i.gpio_get)
    gpio_init                                0x60008db9   Thumb Code    82  zf_gpio.o(i.gpio_init)
    gpio_interrupt_init                      0x60008e11   Thumb Code   122  zf_gpio.o(i.gpio_interrupt_init)
    iomuxc_pinconf                           0x60008e91   Thumb Code 25664  zf_iomuxc.o(i.iomuxc_pinconf)
    main                                     0x6000f2e5   Thumb Code    68  main.o(i.main)
    scc8660_cof_uart_init                    0x6000f32d   Thumb Code    62  seekfree_scc8660.o(i.scc8660_cof_uart_init)
    scc8660_dma                              0x6000f37d   Thumb Code    10  seekfree_scc8660.o(i.scc8660_dma)
    scc8660_get_all_config                   0x6000f38d   Thumb Code    92  seekfree_scc8660.o(i.scc8660_get_all_config)
    scc8660_init                             0x6000f3f1   Thumb Code   134  seekfree_scc8660.o(i.scc8660_init)
    scc8660_set_all_config                   0x6000f491   Thumb Code   108  seekfree_scc8660.o(i.scc8660_set_all_config)
    scc8660_uart_callback                    0x6000f505   Thumb Code    86  seekfree_scc8660.o(i.scc8660_uart_callback)
    scc8660_vsync                            0x6000f571   Thumb Code    26  seekfree_scc8660.o(i.scc8660_vsync)
    seekfree_wireless_init                   0x6000f595   Thumb Code    90  seekfree_wireless.o(i.seekfree_wireless_init)
    seekfree_wireless_send_buff              0x6000f601   Thumb Code    64  seekfree_wireless.o(i.seekfree_wireless_send_buff)
    sqrt                                     0x6000f641   Thumb Code   106  sqrt.o(i.sqrt)
    systick_delay                            0x6000f6ad   Thumb Code    68  zf_systick.o(i.systick_delay)
    systick_delay_ms                         0x6000f741   Thumb Code    36  zf_systick.o(i.systick_delay_ms)
    uart_init                                0x6000f765   Thumb Code    92  zf_uart.o(i.uart_init)
    uart_iomuxc                              0x6000f7c5   Thumb Code   602  zf_uart.o(i.uart_iomuxc)
    uart_putbuff                             0x6000fa51   Thumb Code    24  zf_uart.o(i.uart_putbuff)
    uart_rx_irq                              0x6000fa6d   Thumb Code    40  zf_uart.o(i.uart_rx_irq)
    uart_set_handle                          0x6000fa99   Thumb Code    54  zf_uart.o(i.uart_set_handle)
    wireless_uart_callback                   0x6000fad5   Thumb Code    16  seekfree_wireless.o(i.wireless_uart_callback)
    __fpl_dcheck_NaN1                        0x6000fae9   Thumb Code    10  dcheck1.o(x$fpl$dcheck1)
    __aeabi_l2d                              0x6000faf9   Thumb Code     0  dfltll_clz.o(x$fpl$dfltll)
    _ll_sto_d                                0x6000faf9   Thumb Code   162  dfltll_clz.o(x$fpl$dfltll)
    __fpl_dnaninf                            0x6000fb9b   Thumb Code   156  dnaninf.o(x$fpl$dnaninf)
    _fp_init                                 0x6000fc37   Thumb Code    10  fpinit.o(x$fpl$fpinit)
    __fplib_config_fpu_vfp                   0x6000fc3f   Thumb Code     0  fpinit.o(x$fpl$fpinit)
    __fplib_config_pureend_doubles           0x6000fc3f   Thumb Code     0  fpinit.o(x$fpl$fpinit)
    __aeabi_d2lz                             0x6000fc41   Thumb Code     0  dfixll.o(x$fpl$llsfromd)
    _ll_sfrom_d                              0x6000fc41   Thumb Code   194  dfixll.o(x$fpl$llsfromd)
    __fpl_return_NaN                         0x6000fd03   Thumb Code   100  retnan.o(x$fpl$retnan)
    __ARM_scalbn                             0x6000fd67   Thumb Code    92  scalbn.o(x$fpl$scalbn)
    __fpl_cmpreturn                          0x6000fdc3   Thumb Code    48  trapv.o(x$fpl$trapveneer)
    __I$use$fp                               0x6000fdf2   Number         0  usenofp.o(x$fpl$usenofp)
    s_enetClock                              0x6000fe54   Data           2  fsl_enet.o(.constdata)
    s_flexioBases                            0x6000fe60   Data           8  fsl_flexio.o(.constdata)
    s_flexioClocks                           0x6000fe68   Data           4  fsl_flexio.o(.constdata)
    enetPllConfig_BOARD_BootClockRUN         0x6000ff24   Data           5  clock_config.o(.constdata)
    sysPllConfig_BOARD_BootClockRUN          0x6000ff2c   Data          20  clock_config.o(.constdata)
    usb1PllConfig_BOARD_BootClockRUN         0x6000ff40   Data           2  clock_config.o(.constdata)
    dcd_data                                 0x6000ff42   Data           1  evkmimxrt1020_sdram_ini_dcd.o(.constdata)
    __mathlib_zero                           0x6000ffd0   Data           8  qnan.o(.constdata)
    Region$$Table$$Base                      0x600101c4   Number         0  anon$$obj.o(Region$$Table)
    Image$$ARM_LIB_HEAP$$ZI$$Base            0x600101e4   Number         0  anon$$obj.o ABSOLUTE
    Region$$Table$$Limit                     0x600101e4   Number         0  anon$$obj.o(Region$$Table)
    Image$$ARM_LIB_HEAP$$ZI$$Limit           0x600105e4   Number         0  anon$$obj.o ABSOLUTE



==============================================================================

Memory Map of the image

  Image Entry point : 0x60002401

  Load Region LR_m_rom_config (Base: 0x60000000, Size: 0x00000200, Max: 0x00001000, ABSOLUTE)

    Execution Region RW_m_config_text (Exec base: 0x60000000, Load base: 0x60000000, Size: 0x00000200, Max: 0x00001000, ABSOLUTE)

    Exec Addr    Load Addr    Size         Type   Attr      Idx    E Section Name        Object

    0x60000000   0x60000000   0x00000200   Data   RO        11063    .boot_hdr.conf      evkmimxrt1020_flexspi_nor_config.o



  Load Region LR_m_rom_ivt (Base: 0x60001000, Size: 0x00000030, Max: 0x00001000, ABSOLUTE)

    Execution Region RW_m_ivt_text (Exec base: 0x60001000, Load base: 0x60001000, Size: 0x00000030, Max: 0x00001000, ABSOLUTE)

    Exec Addr    Load Addr    Size         Type   Attr      Idx    E Section Name        Object

    0x60001000   0x60001000   0x00000020   Data   RO        11100    .boot_hdr.ivt       fsl_flexspi_nor_boot.o
    0x60001020   0x60001020   0x00000010   Data   RO        11099    .boot_hdr.boot_data  fsl_flexspi_nor_boot.o



  Load Region LR_m_text (Base: 0x60002000, Size: 0x0000e424, Max: 0x607ffc00, ABSOLUTE, COMPRESSED[0x0000e25c])

    Execution Region ITCM_ncache (Exec base: 0x00000000, Load base: 0x6001025c, Size: 0x00000000, Max: 0x00010000, ABSOLUTE)

    **** No section assigned to this execution region ****


    Execution Region RW_m_data (Exec base: 0x20000000, Load base: 0x600101e4, Size: 0x0000c000, Max: 0x0001ec00, ABSOLUTE, COMPRESSED[0x00000078])

    Exec Addr    Load Addr    Size         Type   Attr      Idx    E Section Name        Object

    0x20000000   COMPRESSED   0x00000008   Data   RW          510    .data               fsl_clock.o
    0x20000008   COMPRESSED   0x00000001   Data   RW         1312    .data               fsl_edma.o
    0x20000009   COMPRESSED   0x00000003   PAD
    0x2000000c   COMPRESSED   0x00000014   Data   RW         1992    .data               fsl_enet.o
    0x20000020   COMPRESSED   0x00000004   Data   RW         2287    .data               fsl_flexcan.o
    0x20000024   COMPRESSED   0x00000018   Data   RW         2528    .data               fsl_flexio.o
    0x2000003c   COMPRESSED   0x00000008   Data   RW         4228    .data               fsl_lpi2c.o
    0x20000044   COMPRESSED   0x0000000d   Data   RW         4619    .data               fsl_lpspi.o
    0x20000051   COMPRESSED   0x00000003   PAD
    0x20000054   COMPRESSED   0x00000004   Data   RW         5053    .data               fsl_lpuart.o
    0x20000058   COMPRESSED   0x00000008   Data   RW         5756    .data               fsl_sai.o
    0x20000060   COMPRESSED   0x00000020   Data   RW         6609    .data               fsl_spdif.o
    0x20000080   COMPRESSED   0x00000004   Data   RW         7072    .data               fsl_usdhc.o
    0x20000084   COMPRESSED   0x00000010   Data   RW         7783    .data               fsl_debug_console.o
    0x20000094   COMPRESSED   0x00000004   Data   RW         7885    .data               system_mimxrt1021.o
    0x20000098   COMPRESSED   0x00000018   Data   RW         8294    .data               zf_gpio.o
    0x200000b0   COMPRESSED   0x00000024   Data   RW         8580    .data               zf_uart.o
    0x200000d4   COMPRESSED   0x00000008   Data   RW         8971    .data               zf_camera.o
    0x200000dc   COMPRESSED   0x0000000c   Data   RW         9884    .data               seekfree_wireless.o
    0x200000e8   COMPRESSED   0x00000066   Data   RW        10340    .data               seekfree_scc8660.o
    0x2000014e   COMPRESSED   0x00000002   PAD
    0x20000150   COMPRESSED   0x00000004   Data   RW        11007    .data               isr.o
    0x20000154   COMPRESSED   0x000000ec   Data   RW        11215    .data               trans.o
    0x20000240        -       0x00000080   Zero   RW         1309    .bss                fsl_edma.o
    0x200002c0        -       0x0000000c   Zero   RW         2284    .bss                fsl_flexcan.o
    0x200002cc        -       0x00000028   Zero   RW         4226    .bss                fsl_lpi2c.o
    0x200002f4        -       0x00000014   Zero   RW         4617    .bss                fsl_lpspi.o
    0x20000308        -       0x00000024   Zero   RW         5051    .bss                fsl_lpuart.o
    0x2000032c        -       0x00000020   Zero   RW         5754    .bss                fsl_sai.o
    0x2000034c        -       0x0000000c   Zero   RW         7069    .bss                fsl_usdhc.o
    0x20000358        -       0x0000001c   Zero   RW         7780    .bss                fsl_debug_console.o
    0x20000374        -       0x0000004c   Zero   RW         8970    .bss                zf_camera.o
    0x200003c0        -       0x00000030   Zero   RW         9883    .bss                seekfree_wireless.o
    0x200003f0        -       0x00000030   Zero   RW        10339    .bss                seekfree_scc8660.o
    0x20000420        -       0x00002580   Zero   RW        11214    .bss                trans.o
    0x200029a0        -       0x00000060   Zero   RW        11670    .bss                c_w.l(libspace.o)
    0x20002a00        -       0x00009600   Zero   RW        10341    NonCacheable        seekfree_scc8660.o


    Execution Region ARM_LIB_STACK (Exec base: 0x2001f000, Load base: 0x600101e4, Size: 0x00001000, Max: 0x00001000, ABSOLUTE)

    Exec Addr    Load Addr    Size         Type   Attr      Idx    E Section Name        Object

    0x2001f000        -       0x00001000   Zero   RW            2    ARM_LIB_STACK.bss   anon$$obj.o


    Execution Region OCRAM_cache (Exec base: 0x20200000, Load base: 0x6001025c, Size: 0x00000000, Max: 0x00010000, ABSOLUTE)

    **** No section assigned to this execution region ****


    Execution Region VECTOR_ROM (Exec base: 0x60002000, Load base: 0x60002000, Size: 0x00000400, Max: 0x00000400, ABSOLUTE)

    Exec Addr    Load Addr    Size         Type   Attr      Idx    E Section Name        Object

    0x60002000   0x60002000   0x00000400   Data   RO         7485    RESET               startup_mimxrt1021.o


    Execution Region ER_m_text (Exec base: 0x60002400, Load base: 0x60002400, Size: 0x0000dde4, Max: 0x007fdc00, ABSOLUTE)

    Exec Addr    Load Addr    Size         Type   Attr      Idx    E Section Name        Object

    0x60002400   0x60002400   0x00000008   Code   RO        11493  * !!!main             c_w.l(__main.o)
    0x60002408   0x60002408   0x00000034   Code   RO        11925    !!!scatter          c_w.l(__scatter.o)
    0x6000243c   0x6000243c   0x0000005a   Code   RO        11923    !!dczerorl2         c_w.l(__dczerorl2.o)
    0x60002496   0x60002496   0x00000002   PAD
    0x60002498   0x60002498   0x0000001c   Code   RO        11927    !!handler_zi        c_w.l(__scatter_zi.o)
    0x600024b4   0x600024b4   0x00000002   Code   RO        11803    .ARM.Collect$$libinit$$00000000  c_w.l(libinit.o)
    0x600024b6   0x600024b6   0x00000004   Code   RO        11580    .ARM.Collect$$libinit$$00000001  c_w.l(libinit2.o)
    0x600024ba   0x600024ba   0x00000000   Code   RO        11583    .ARM.Collect$$libinit$$00000004  c_w.l(libinit2.o)
    0x600024ba   0x600024ba   0x00000000   Code   RO        11586    .ARM.Collect$$libinit$$0000000A  c_w.l(libinit2.o)
    0x600024ba   0x600024ba   0x00000000   Code   RO        11588    .ARM.Collect$$libinit$$0000000C  c_w.l(libinit2.o)
    0x600024ba   0x600024ba   0x00000000   Code   RO        11590    .ARM.Collect$$libinit$$0000000E  c_w.l(libinit2.o)
    0x600024ba   0x600024ba   0x00000000   Code   RO        11593    .ARM.Collect$$libinit$$00000011  c_w.l(libinit2.o)
    0x600024ba   0x600024ba   0x00000000   Code   RO        11595    .ARM.Collect$$libinit$$00000013  c_w.l(libinit2.o)
    0x600024ba   0x600024ba   0x00000000   Code   RO        11597    .ARM.Collect$$libinit$$00000015  c_w.l(libinit2.o)
    0x600024ba   0x600024ba   0x00000000   Code   RO        11599    .ARM.Collect$$libinit$$00000017  c_w.l(libinit2.o)
    0x600024ba   0x600024ba   0x00000000   Code   RO        11601    .ARM.Collect$$libinit$$00000019  c_w.l(libinit2.o)
    0x600024ba   0x600024ba   0x00000000   Code   RO        11603    .ARM.Collect$$libinit$$0000001B  c_w.l(libinit2.o)
    0x600024ba   0x600024ba   0x00000000   Code   RO        11605    .ARM.Collect$$libinit$$0000001D  c_w.l(libinit2.o)
    0x600024ba   0x600024ba   0x00000000   Code   RO        11607    .ARM.Collect$$libinit$$0000001F  c_w.l(libinit2.o)
    0x600024ba   0x600024ba   0x00000000   Code   RO        11609    .ARM.Collect$$libinit$$00000021  c_w.l(libinit2.o)
    0x600024ba   0x600024ba   0x00000000   Code   RO        11611    .ARM.Collect$$libinit$$00000023  c_w.l(libinit2.o)
    0x600024ba   0x600024ba   0x00000000   Code   RO        11613    .ARM.Collect$$libinit$$00000025  c_w.l(libinit2.o)
    0x600024ba   0x600024ba   0x00000000   Code   RO        11617    .ARM.Collect$$libinit$$0000002C  c_w.l(libinit2.o)
    0x600024ba   0x600024ba   0x00000000   Code   RO        11619    .ARM.Collect$$libinit$$0000002E  c_w.l(libinit2.o)
    0x600024ba   0x600024ba   0x00000000   Code   RO        11621    .ARM.Collect$$libinit$$00000030  c_w.l(libinit2.o)
    0x600024ba   0x600024ba   0x00000000   Code   RO        11623    .ARM.Collect$$libinit$$00000032  c_w.l(libinit2.o)
    0x600024ba   0x600024ba   0x00000002   Code   RO        11624    .ARM.Collect$$libinit$$00000033  c_w.l(libinit2.o)
    0x600024bc   0x600024bc   0x00000002   Code   RO        11904    .ARM.Collect$$libshutdown$$00000000  c_w.l(libshutdown.o)
    0x600024be   0x600024be   0x00000000   Code   RO        11830    .ARM.Collect$$libshutdown$$00000002  c_w.l(libshutdown2.o)
    0x600024be   0x600024be   0x00000000   Code   RO        11832    .ARM.Collect$$libshutdown$$00000004  c_w.l(libshutdown2.o)
    0x600024be   0x600024be   0x00000000   Code   RO        11835    .ARM.Collect$$libshutdown$$00000007  c_w.l(libshutdown2.o)
    0x600024be   0x600024be   0x00000000   Code   RO        11838    .ARM.Collect$$libshutdown$$0000000A  c_w.l(libshutdown2.o)
    0x600024be   0x600024be   0x00000000   Code   RO        11840    .ARM.Collect$$libshutdown$$0000000C  c_w.l(libshutdown2.o)
    0x600024be   0x600024be   0x00000000   Code   RO        11843    .ARM.Collect$$libshutdown$$0000000F  c_w.l(libshutdown2.o)
    0x600024be   0x600024be   0x00000002   Code   RO        11844    .ARM.Collect$$libshutdown$$00000010  c_w.l(libshutdown2.o)
    0x600024c0   0x600024c0   0x00000000   Code   RO        11533    .ARM.Collect$$rtentry$$00000000  c_w.l(__rtentry.o)
    0x600024c0   0x600024c0   0x00000000   Code   RO        11673    .ARM.Collect$$rtentry$$00000002  c_w.l(__rtentry2.o)
    0x600024c0   0x600024c0   0x00000004   Code   RO        11687    .ARM.Collect$$rtentry$$00000007  c_w.l(__rtentry7.o)
    0x600024c4   0x600024c4   0x00000000   Code   RO        11675    .ARM.Collect$$rtentry$$00000009  c_w.l(__rtentry2.o)
    0x600024c4   0x600024c4   0x00000004   Code   RO        11676    .ARM.Collect$$rtentry$$0000000A  c_w.l(__rtentry2.o)
    0x600024c8   0x600024c8   0x00000000   Code   RO        11678    .ARM.Collect$$rtentry$$0000000C  c_w.l(__rtentry2.o)
    0x600024c8   0x600024c8   0x00000008   Code   RO        11679    .ARM.Collect$$rtentry$$0000000D  c_w.l(__rtentry2.o)
    0x600024d0   0x600024d0   0x00000004   Code   RO        11688    .ARM.Collect$$rtentry$$00002718  c_w.l(__rtentry7.o)
    0x600024d4   0x600024d4   0x00000002   Code   RO        11810    .ARM.Collect$$rtexit$$00000000  c_w.l(rtexit.o)
    0x600024d6   0x600024d6   0x00000000   Code   RO        11868    .ARM.Collect$$rtexit$$00000002  c_w.l(rtexit2.o)
    0x600024d6   0x600024d6   0x00000004   Code   RO        11869    .ARM.Collect$$rtexit$$00000003  c_w.l(rtexit2.o)
    0x600024da   0x600024da   0x00000006   Code   RO        11870    .ARM.Collect$$rtexit$$00000004  c_w.l(rtexit2.o)
    0x600024e0   0x600024e0   0x000001f4   Code   RO         7486    .text               startup_mimxrt1021.o
    0x600026d4   0x600026d4   0x000000ee   Code   RO        11444    .text               c_w.l(lludivv7m.o)
    0x600027c2   0x600027c2   0x00000048   Code   RO        11448    .text               c_w.l(llsdiv.o)
    0x6000280a   0x6000280a   0x0000003e   Code   RO        11481    .text               c_w.l(strlen.o)
    0x60002848   0x60002848   0x00000064   Code   RO        11487    .text               c_w.l(rt_memcpy_w.o)
    0x600028ac   0x600028ac   0x0000004e   Code   RO        11491    .text               c_w.l(rt_memclr_w.o)
    0x600028fa   0x600028fa   0x00000016   Code   RO        11563    .text               c_w.l(_rserrno.o)
    0x60002910   0x60002910   0x00000008   Code   RO        11702    .text               c_w.l(rt_errno_addr_intlibspace.o)
    0x60002918   0x60002918   0x00000002   Code   RO        11769    .text               c_w.l(use_no_semi.o)
    0x6000291a   0x6000291a   0x00000000   Code   RO        11771    .text               c_w.l(indicate_semi.o)
    0x6000291a   0x6000291a   0x00000012   Code   RO        11782    .text               c_w.l(exit.o)
    0x6000292c   0x6000292c   0x0000000c   Code   RO        11806    .text               c_w.l(sys_exit.o)
    0x60002938   0x60002938   0x000001f4   Code   RO        10712    i.BOARD_BootClockRUN  clock_config.o
    0x60002b2c   0x60002b2c   0x000001b4   Code   RO        10601    i.BOARD_ConfigMPU   board.o
    0x60002ce0   0x60002ce0   0x00000078   Code   RO        10603    i.BOARD_DebugConsoleSrcFreq  board.o
    0x60002d58   0x60002d58   0x00000018   Code   RO        10604    i.BOARD_InitDebugConsole  board.o
    0x60002d70   0x60002d70   0x00000074   Code   RO         2241    i.CAN1_DriverIRQHandler  fsl_flexcan.o
    0x60002de4   0x60002de4   0x00000074   Code   RO         2242    i.CAN2_DriverIRQHandler  fsl_flexcan.o
    0x60002e58   0x60002e58   0x00000078   Code   RO         1164    i.CLOCK_ControlGate  fsl_dmamux.o
    0x60002ed0   0x60002ed0   0x00000078   Code   RO         1209    i.CLOCK_ControlGate  fsl_edma.o
    0x60002f48   0x60002f48   0x00000078   Code   RO         5015    i.CLOCK_ControlGate  fsl_lpuart.o
    0x60002fc0   0x60002fc0   0x00000080   Code   RO        10607    i.CLOCK_DisableClock  board.o
    0x60003040   0x60003040   0x00000080   Code   RO         2641    i.CLOCK_EnableClock  fsl_flexio_camera.o
    0x600030c0   0x600030c0   0x00000080   Code   RO         4015    i.CLOCK_EnableClock  fsl_gpio.o
    0x60003140   0x60003140   0x00000080   Code   RO         8360    i.CLOCK_EnableClock  zf_iomuxc.o
    0x600031c0   0x600031c0   0x00000080   Code   RO         8961    i.CLOCK_EnableClock  zf_camera.o
    0x60003240   0x60003240   0x0000001c   Code   RO          490    i.CLOCK_GetAhbFreq  fsl_clock.o
    0x6000325c   0x6000325c   0x00000020   Code   RO        10608    i.CLOCK_GetDiv      board.o
    0x6000327c   0x6000327c   0x00000104   Code   RO          491    i.CLOCK_GetFreq     fsl_clock.o
    0x60003380   0x60003380   0x0000001c   Code   RO          492    i.CLOCK_GetIpgFreq  fsl_clock.o
    0x6000339c   0x6000339c   0x00000020   Code   RO          493    i.CLOCK_GetOscFreq  fsl_clock.o
    0x600033bc   0x600033bc   0x00000034   Code   RO          494    i.CLOCK_GetPerClkFreq  fsl_clock.o
    0x600033f0   0x600033f0   0x000000b8   Code   RO          495    i.CLOCK_GetPeriphClkFreq  fsl_clock.o
    0x600034a8   0x600034a8   0x000001c4   Code   RO          496    i.CLOCK_GetPllFreq  fsl_clock.o
    0x6000366c   0x6000366c   0x00000048   Code   RO          497    i.CLOCK_GetSemcFreq  fsl_clock.o
    0x600036b4   0x600036b4   0x0000006c   Code   RO          498    i.CLOCK_GetSysPfdFreq  fsl_clock.o
    0x60003720   0x60003720   0x0000006c   Code   RO          499    i.CLOCK_GetUsb1PfdFreq  fsl_clock.o
    0x6000378c   0x6000378c   0x00000074   Code   RO          501    i.CLOCK_InitEnetPll  fsl_clock.o
    0x60003800   0x60003800   0x00000038   Code   RO          506    i.CLOCK_InitUsb1Pfd  fsl_clock.o
    0x60003838   0x60003838   0x00000058   Code   RO          507    i.CLOCK_InitUsb1Pll  fsl_clock.o
    0x60003890   0x60003890   0x000000b4   Code   RO        10714    i.CLOCK_SetDiv      clock_config.o
    0x60003944   0x60003944   0x000000b4   Code   RO        10715    i.CLOCK_SetMux      clock_config.o
    0x600039f8   0x600039f8   0x000001b2   Code   RO         7711    i.ConvertFloatRadixNumToString  fsl_str.o
    0x60003baa   0x60003baa   0x00000150   Code   RO         7712    i.ConvertRadixNumToString  fsl_str.o
    0x60003cfa   0x60003cfa   0x00000002   PAD
    0x60003cfc   0x60003cfc   0x00000038   Code   RO         1226    i.DMA0_DMA16_DriverIRQHandler  fsl_edma.o
    0x60003d34   0x60003d34   0x00000038   Code   RO         1228    i.DMA10_DMA26_DriverIRQHandler  fsl_edma.o
    0x60003d6c   0x60003d6c   0x00000038   Code   RO         1230    i.DMA11_DMA27_DriverIRQHandler  fsl_edma.o
    0x60003da4   0x60003da4   0x00000038   Code   RO         1232    i.DMA12_DMA28_DriverIRQHandler  fsl_edma.o
    0x60003ddc   0x60003ddc   0x00000038   Code   RO         1234    i.DMA13_DMA29_DriverIRQHandler  fsl_edma.o
    0x60003e14   0x60003e14   0x00000038   Code   RO         1236    i.DMA14_DMA30_DriverIRQHandler  fsl_edma.o
    0x60003e4c   0x60003e4c   0x00000038   Code   RO         1238    i.DMA15_DMA31_DriverIRQHandler  fsl_edma.o
    0x60003e84   0x60003e84   0x00000038   Code   RO         1244    i.DMA1_DMA17_DriverIRQHandler  fsl_edma.o
    0x60003ebc   0x60003ebc   0x00000038   Code   RO         1256    i.DMA2_DMA18_DriverIRQHandler  fsl_edma.o
    0x60003ef4   0x60003ef4   0x00000038   Code   RO         1260    i.DMA3_DMA19_DriverIRQHandler  fsl_edma.o
    0x60003f2c   0x60003f2c   0x00000038   Code   RO         1262    i.DMA4_DMA20_DriverIRQHandler  fsl_edma.o
    0x60003f64   0x60003f64   0x00000038   Code   RO         1264    i.DMA5_DMA21_DriverIRQHandler  fsl_edma.o
    0x60003f9c   0x60003f9c   0x00000038   Code   RO         1266    i.DMA6_DMA22_DriverIRQHandler  fsl_edma.o
    0x60003fd4   0x60003fd4   0x00000038   Code   RO         1268    i.DMA7_DMA23_DriverIRQHandler  fsl_edma.o
    0x6000400c   0x6000400c   0x00000038   Code   RO         1270    i.DMA8_DMA24_DriverIRQHandler  fsl_edma.o
    0x60004044   0x60004044   0x00000038   Code   RO         1272    i.DMA9_DMA25_DriverIRQHandler  fsl_edma.o
    0x6000407c   0x6000407c   0x00000020   Code   RO         1165    i.DMAMUX_Deinit     fsl_dmamux.o
    0x6000409c   0x6000409c   0x0000008c   Code   RO         1166    i.DMAMUX_GetInstance  fsl_dmamux.o
    0x60004128   0x60004128   0x00000020   Code   RO         1167    i.DMAMUX_Init       fsl_dmamux.o
    0x60004148   0x60004148   0x000000f0   Code   RO         7769    i.DbgConsole_Init   fsl_debug_console.o
    0x60004238   0x60004238   0x0000003e   Code   RO         7770    i.DbgConsole_PrintCallback  fsl_debug_console.o
    0x60004276   0x60004276   0x00000002   PAD
    0x60004278   0x60004278   0x00000040   Code   RO         7771    i.DbgConsole_Printf  fsl_debug_console.o
    0x600042b8   0x600042b8   0x00000064   Code   RO         7777    i.DbgConsole_SendData  fsl_debug_console.o
    0x6000431c   0x6000431c   0x0000000c   Code   RO         1274    i.DisableGlobalIRQ  fsl_edma.o
    0x60004328   0x60004328   0x0000011c   Code   RO         1277    i.EDMA_CreateHandle  fsl_edma.o
    0x60004444   0x60004444   0x00000020   Code   RO         1278    i.EDMA_Deinit       fsl_edma.o
    0x60004464   0x60004464   0x000000a0   Code   RO         1281    i.EDMA_GetChannelStatusFlags  fsl_edma.o
    0x60004504   0x60004504   0x00000060   Code   RO         1282    i.EDMA_GetDefaultConfig  fsl_edma.o
    0x60004564   0x60004564   0x00000084   Code   RO         1283    i.EDMA_GetInstance  fsl_edma.o
    0x600045e8   0x600045e8   0x00000110   Code   RO         1285    i.EDMA_HandleIRQ    fsl_edma.o
    0x600046f8   0x600046f8   0x000000b0   Code   RO         1286    i.EDMA_Init         fsl_edma.o
    0x600047a8   0x600047a8   0x00000150   Code   RO         1287    i.EDMA_InstallTCD   fsl_edma.o
    0x600048f8   0x600048f8   0x000001fc   Code   RO         1289    i.EDMA_PrepareTransfer  fsl_edma.o
    0x60004af4   0x60004af4   0x0000005c   Code   RO         1292    i.EDMA_SetCallback  fsl_edma.o
    0x60004b50   0x60004b50   0x000000ac   Code   RO         1295    i.EDMA_SetModulo    fsl_edma.o
    0x60004bfc   0x60004bfc   0x000000dc   Code   RO         1296    i.EDMA_SetTransferConfig  fsl_edma.o
    0x60004cd8   0x60004cd8   0x000000b0   Code   RO         1297    i.EDMA_StartTransfer  fsl_edma.o
    0x60004d88   0x60004d88   0x00000208   Code   RO         1299    i.EDMA_SubmitTransfer  fsl_edma.o
    0x60004f90   0x60004f90   0x000000a0   Code   RO         1302    i.EDMA_TcdReset     fsl_edma.o
    0x60005030   0x60005030   0x00000120   Code   RO         1306    i.EDMA_TcdSetTransferConfig  fsl_edma.o
    0x60005150   0x60005150   0x0000001c   Code   RO         1955    i.ENET_1588_Timer_IRQHandler  fsl_enet.o
    0x6000516c   0x6000516c   0x00000078   Code   RO         1958    i.ENET_CommonFrame0IRQHandler  fsl_enet.o
    0x600051e4   0x600051e4   0x00000010   Code   RO         1960    i.ENET_DriverIRQHandler  fsl_enet.o
    0x600051f4   0x600051f4   0x00000084   Code   RO         1964    i.ENET_GetInstance  fsl_enet.o
    0x60005278   0x60005278   0x0000000a   Code   RO         1307    i.EnableGlobalIRQ   fsl_edma.o
    0x60005282   0x60005282   0x00000008   Code   RO         2511    i.FLEXIO1_DriverIRQHandler  fsl_flexio.o
    0x6000528a   0x6000528a   0x0000003e   Code   RO         2642    i.FLEXIO_CAMERA_ClearStatusFlags  fsl_flexio_camera.o
    0x600052c8   0x600052c8   0x0000005c   Code   RO         2646    i.FLEXIO_CAMERA_GetDefaultConfig  fsl_flexio_camera.o
    0x60005324   0x60005324   0x0000000c   Code   RO         2647    i.FLEXIO_CAMERA_GetInstance  fsl_flexio_camera.o
    0x60005330   0x60005330   0x000001bc   Code   RO         2649    i.FLEXIO_CAMERA_Init  fsl_flexio_camera.o
    0x600054ec   0x600054ec   0x00000004   Code   RO         2650    i.FLEXIO_ClearShifterErrorFlags  fsl_flexio_camera.o
    0x600054f0   0x600054f0   0x00000038   Code   RO         2514    i.FLEXIO_CommonIRQHandler  fsl_flexio.o
    0x60005528   0x60005528   0x0000008c   Code   RO         2518    i.FLEXIO_GetInstance  fsl_flexio.o
    0x600055b4   0x600055b4   0x000000cc   Code   RO         2519    i.FLEXIO_GetShifterBufferAddress  fsl_flexio.o
    0x60005680   0x60005680   0x0000000e   Code   RO         2522    i.FLEXIO_Reset      fsl_flexio.o
    0x6000568e   0x6000568e   0x0000007c   Code   RO         2523    i.FLEXIO_SetShifterConfig  fsl_flexio.o
    0x6000570a   0x6000570a   0x000000b2   Code   RO         2524    i.FLEXIO_SetTimerConfig  fsl_flexio.o
    0x600057bc   0x600057bc   0x00000008   Code   RO        11002    i.GPIO1_Combined_16_31_IRQHandler  isr.o
    0x600057c4   0x600057c4   0x00000024   Code   RO        11003    i.GPIO2_Combined_0_15_IRQHandler  isr.o
    0x600057e8   0x600057e8   0x00000084   Code   RO         4016    i.GPIO_GetInstance  fsl_gpio.o
    0x6000586c   0x6000586c   0x00000060   Code   RO         4017    i.GPIO_PinInit      fsl_gpio.o
    0x600058cc   0x600058cc   0x0000008a   Code   RO         4018    i.GPIO_PinSetInterruptConfig  fsl_gpio.o
    0x60005956   0x60005956   0x00000002   PAD
    0x60005958   0x60005958   0x0000006c   Code   RO         4019    i.GPIO_PinWrite     fsl_gpio.o
    0x600059c4   0x600059c4   0x0000001c   Code   RO         1308    i.Get_StartInstance  fsl_edma.o
    0x600059e0   0x600059e0   0x0000000e   Code   RO         7937    i.HAL_UartGetStatus  lpuart_adapter.o
    0x600059ee   0x600059ee   0x00000002   PAD
    0x600059f0   0x600059f0   0x0000014c   Code   RO         7938    i.HAL_UartInit      lpuart_adapter.o
    0x60005b3c   0x60005b3c   0x000000ac   Code   RO         7940    i.HAL_UartSendBlocking  lpuart_adapter.o
    0x60005be8   0x60005be8   0x0000000c   Code   RO         8361    i.IOMUXC_SetPinConfig  zf_iomuxc.o
    0x60005bf4   0x60005bf4   0x0000001a   Code   RO         8362    i.IOMUXC_SetPinMux  zf_iomuxc.o
    0x60005c0e   0x60005c0e   0x00000002   PAD
    0x60005c10   0x60005c10   0x00000010   Code   RO         4177    i.LPI2C1_DriverIRQHandler  fsl_lpi2c.o
    0x60005c20   0x60005c20   0x00000010   Code   RO         4178    i.LPI2C2_DriverIRQHandler  fsl_lpi2c.o
    0x60005c30   0x60005c30   0x00000010   Code   RO         4179    i.LPI2C3_DriverIRQHandler  fsl_lpi2c.o
    0x60005c40   0x60005c40   0x00000010   Code   RO         4180    i.LPI2C4_DriverIRQHandler  fsl_lpi2c.o
    0x60005c50   0x60005c50   0x00000054   Code   RO         4182    i.LPI2C_CommonIRQHandler  fsl_lpi2c.o
    0x60005ca4   0x60005ca4   0x0000006c   Code   RO         4569    i.LPSPI1_DriverIRQHandler  fsl_lpspi.o
    0x60005d10   0x60005d10   0x0000006c   Code   RO         4570    i.LPSPI2_DriverIRQHandler  fsl_lpspi.o
    0x60005d7c   0x60005d7c   0x0000006c   Code   RO         4571    i.LPSPI3_DriverIRQHandler  fsl_lpspi.o
    0x60005de8   0x60005de8   0x0000006c   Code   RO         4572    i.LPSPI4_DriverIRQHandler  fsl_lpspi.o
    0x60005e54   0x60005e54   0x00000030   Code   RO         4576    i.LPSPI_CommonIRQHandler  fsl_lpspi.o
    0x60005e84   0x60005e84   0x0000001c   Code   RO         5016    i.LPUART1_DriverIRQHandler  fsl_lpuart.o
    0x60005ea0   0x60005ea0   0x0000001c   Code   RO         5017    i.LPUART2_DriverIRQHandler  fsl_lpuart.o
    0x60005ebc   0x60005ebc   0x0000001c   Code   RO         5018    i.LPUART3_DriverIRQHandler  fsl_lpuart.o
    0x60005ed8   0x60005ed8   0x0000001c   Code   RO         5019    i.LPUART4_DriverIRQHandler  fsl_lpuart.o
    0x60005ef4   0x60005ef4   0x0000001c   Code   RO         5020    i.LPUART5_DriverIRQHandler  fsl_lpuart.o
    0x60005f10   0x60005f10   0x0000001c   Code   RO         5021    i.LPUART6_DriverIRQHandler  fsl_lpuart.o
    0x60005f2c   0x60005f2c   0x0000001c   Code   RO         5022    i.LPUART7_DriverIRQHandler  fsl_lpuart.o
    0x60005f48   0x60005f48   0x0000001c   Code   RO         5023    i.LPUART8_DriverIRQHandler  fsl_lpuart.o
    0x60005f64   0x60005f64   0x00000058   Code   RO         5025    i.LPUART_Deinit     fsl_lpuart.o
    0x60005fbc   0x60005fbc   0x0000002c   Code   RO         5026    i.LPUART_DisableInterrupts  fsl_lpuart.o
    0x60005fe8   0x60005fe8   0x0000002c   Code   RO         5027    i.LPUART_EnableInterrupts  fsl_lpuart.o
    0x60006014   0x60006014   0x0000007c   Code   RO         5028    i.LPUART_GetDefaultConfig  fsl_lpuart.o
    0x60006090   0x60006090   0x00000020   Code   RO         5029    i.LPUART_GetEnabledInterrupts  fsl_lpuart.o
    0x600060b0   0x600060b0   0x0000008c   Code   RO         5030    i.LPUART_GetInstance  fsl_lpuart.o
    0x6000613c   0x6000613c   0x00000010   Code   RO         5031    i.LPUART_GetStatusFlags  fsl_lpuart.o
    0x6000614c   0x6000614c   0x000002fc   Code   RO         5032    i.LPUART_Init       fsl_lpuart.o
    0x60006448   0x60006448   0x00000090   Code   RO         5034    i.LPUART_ReadNonBlocking  fsl_lpuart.o
    0x600064d8   0x600064d8   0x000000e4   Code   RO         5038    i.LPUART_TransferCreateHandle  fsl_lpuart.o
    0x600065bc   0x600065bc   0x0000006c   Code   RO         5040    i.LPUART_TransferGetRxRingBufferLength  fsl_lpuart.o
    0x60006628   0x60006628   0x00000288   Code   RO         5043    i.LPUART_TransferHandleIRQ  fsl_lpuart.o
    0x600068b0   0x600068b0   0x00000068   Code   RO         5044    i.LPUART_TransferIsRxRingBufferFull  fsl_lpuart.o
    0x60006918   0x60006918   0x00000070   Code   RO         5049    i.LPUART_WriteBlocking  fsl_lpuart.o
    0x60006988   0x60006988   0x00000064   Code   RO         5050    i.LPUART_WriteNonBlocking  fsl_lpuart.o
    0x600069ec   0x600069ec   0x0000000c   Code   RO        11004    i.PIT_ClearStatusFlags  isr.o
    0x600069f8   0x600069f8   0x00000012   Code   RO        11005    i.PIT_GetStatusFlags  isr.o
    0x60006a0a   0x60006a0a   0x00000002   PAD
    0x60006a0c   0x60006a0c   0x00000068   Code   RO        11006    i.PIT_IRQHandler    isr.o
    0x60006a74   0x60006a74   0x00000094   Code   RO         5703    i.SAI1_DriverIRQHandler  fsl_sai.o
    0x60006b08   0x60006b08   0x00000094   Code   RO         5704    i.SAI2_DriverIRQHandler  fsl_sai.o
    0x60006b9c   0x60006b9c   0x00000070   Code   RO         5706    i.SAI3_RX_DriverIRQHandler  fsl_sai.o
    0x60006c0c   0x60006c0c   0x00000070   Code   RO         5707    i.SAI3_TX_DriverIRQHandler  fsl_sai.o
    0x60006c7c   0x60006c7c   0x000000a0   Code   RO        10610    i.SCB_DisableDCache  board.o
    0x60006d1c   0x60006d1c   0x0000009c   Code   RO         7880    i.SCB_EnableDCache  system_mimxrt1021.o
    0x60006db8   0x60006db8   0x0000009c   Code   RO        10611    i.SCB_EnableDCache  board.o
    0x60006e54   0x60006e54   0x0000007c   Code   RO         7881    i.SCB_EnableICache  system_mimxrt1021.o
    0x60006ed0   0x60006ed0   0x0000007c   Code   RO        10612    i.SCB_EnableICache  board.o
    0x60006f4c   0x60006f4c   0x00000044   Code   RO         6584    i.SPDIF_DriverIRQHandler  fsl_spdif.o
    0x60006f90   0x60006f90   0x00000078   Code   RO         7997    i.SerialManager_Init  serial_manager.o
    0x60007008   0x60007008   0x00000064   Code   RO         7998    i.SerialManager_OpenReadHandle  serial_manager.o
    0x6000706c   0x6000706c   0x00000060   Code   RO         7999    i.SerialManager_OpenWriteHandle  serial_manager.o
    0x600070cc   0x600070cc   0x00000032   Code   RO         8003    i.SerialManager_StartWriting  serial_manager.o
    0x600070fe   0x600070fe   0x00000002   PAD
    0x60007100   0x60007100   0x00000088   Code   RO         8004    i.SerialManager_Write  serial_manager.o
    0x60007188   0x60007188   0x00000014   Code   RO         8005    i.SerialManager_WriteBlocking  serial_manager.o
    0x6000719c   0x6000719c   0x0000008c   Code   RO         8092    i.Serial_UartInit   serial_port_uart.o
    0x60007228   0x60007228   0x00000070   Code   RO         8094    i.Serial_UartWrite  serial_port_uart.o
    0x60007298   0x60007298   0x00000634   Code   RO         7714    i.StrFormatPrintf   fsl_str.o
    0x600078cc   0x600078cc   0x00000148   Code   RO         7882    i.SystemCoreClockUpdate  system_mimxrt1021.o
    0x60007a14   0x60007a14   0x000000cc   Code   RO         7883    i.SystemInit        system_mimxrt1021.o
    0x60007ae0   0x60007ae0   0x00000002   Code   RO         7884    i.SystemInitHook    system_mimxrt1021.o
    0x60007ae2   0x60007ae2   0x00000002   PAD
    0x60007ae4   0x60007ae4   0x00000058   Code   RO        11205    i.TRANS_Binary      trans.o
    0x60007b3c   0x60007b3c   0x00000088   Code   RO        11206    i.TRANS_Extract     trans.o
    0x60007bc4   0x60007bc4   0x00000016   Code   RO        11207    i.TRANS_Gray        trans.o
    0x60007bda   0x60007bda   0x00000030   Code   RO        11208    i.TRANS_Image       trans.o
    0x60007c0a   0x60007c0a   0x00000100   Code   RO        11210    i.TRANS_Otsu        trans.o
    0x60007d0a   0x60007d0a   0x00000034   Code   RO        11211    i.TRANS_Rgb         trans.o
    0x60007d3e   0x60007d3e   0x00000038   Code   RO        11212    i.TRANS_Rgb2Gray    trans.o
    0x60007d76   0x60007d76   0x00000002   PAD
    0x60007d78   0x60007d78   0x00000018   Code   RO        11213    i.TRANS_SaveGray    trans.o
    0x60007d90   0x60007d90   0x00000020   Code   RO         7027    i.USDHC1_DriverIRQHandler  fsl_usdhc.o
    0x60007db0   0x60007db0   0x00000020   Code   RO         7028    i.USDHC2_DriverIRQHandler  fsl_usdhc.o
    0x60007dd0   0x60007dd0   0x00000030   Code   RO        11650    i.__ARM_fpclassify  m_wv.l(fpclassify.o)
    0x60007e00   0x60007e00   0x00000028   Code   RO        10323    i.__NVIC_SetPriority  seekfree_scc8660.o
    0x60007e28   0x60007e28   0x00000044   Code   RO         7493    i.__aeabi_assert    fsl_assert.o
    0x60007e6c   0x60007e6c   0x000000c0   Code   RO        11505    i.__hardfp_modf     m_wv.l(modf.o)
    0x60007f2c   0x60007f2c   0x00000004   PAD
    0x60007f30   0x60007f30   0x000008f8   Code   RO        11511    i.__hardfp_pow      m_wv.l(pow.o)
    0x60008828   0x60008828   0x00000070   Code   RO        11652    i.__kernel_poly     m_wv.l(poly.o)
    0x60008898   0x60008898   0x00000020   Code   RO        11630    i.__mathlib_dbl_divzero  m_wv.l(dunder.o)
    0x600088b8   0x600088b8   0x00000006   Code   RO        11632    i.__mathlib_dbl_infnan2  m_wv.l(dunder.o)
    0x600088be   0x600088be   0x00000002   PAD
    0x600088c0   0x600088c0   0x00000018   Code   RO        11633    i.__mathlib_dbl_invalid  m_wv.l(dunder.o)
    0x600088d8   0x600088d8   0x00000018   Code   RO        11634    i.__mathlib_dbl_overflow  m_wv.l(dunder.o)
    0x600088f0   0x600088f0   0x00000018   Code   RO        11636    i.__mathlib_dbl_underflow  m_wv.l(dunder.o)
    0x60008908   0x60008908   0x00000064   Code   RO        10613    i.board_init        board.o
    0x6000896c   0x6000896c   0x000000b8   Code   RO         8962    i.dma_mux_init      zf_camera.o
    0x60008a24   0x60008a24   0x0000001c   Code   RO         8963    i.dma_restart       zf_camera.o
    0x60008a40   0x60008a40   0x00000018   Code   RO        11646    i.fabs              m_wv.l(fabs.o)
    0x60008a58   0x60008a58   0x00000074   Code   RO         8964    i.flexio_camera     zf_camera.o
    0x60008acc   0x60008acc   0x000000f4   Code   RO         8965    i.flexio_dma_init   zf_camera.o
    0x60008bc0   0x60008bc0   0x0000002c   Code   RO         8967    i.flexio_enable_rxdma  zf_camera.o
    0x60008bec   0x60008bec   0x00000010   Code   RO         8968    i.flexio_flag_clear  zf_camera.o
    0x60008bfc   0x60008bfc   0x0000014c   Code   RO         8969    i.flexio_iomuxc     zf_camera.o
    0x60008d48   0x60008d48   0x00000070   Code   RO         8289    i.gpio_get          zf_gpio.o
    0x60008db8   0x60008db8   0x00000058   Code   RO         8290    i.gpio_init         zf_gpio.o
    0x60008e10   0x60008e10   0x00000080   Code   RO         8291    i.gpio_interrupt_init  zf_gpio.o
    0x60008e90   0x60008e90   0x00006454   Code   RO         8363    i.iomuxc_pinconf    zf_iomuxc.o
    0x6000f2e4   0x6000f2e4   0x00000048   Code   RO        10829    i.main              main.o
    0x6000f32c   0x6000f32c   0x00000050   Code   RO        10325    i.scc8660_cof_uart_init  seekfree_scc8660.o
    0x6000f37c   0x6000f37c   0x00000010   Code   RO        10327    i.scc8660_dma       seekfree_scc8660.o
    0x6000f38c   0x6000f38c   0x00000064   Code   RO        10328    i.scc8660_get_all_config  seekfree_scc8660.o
    0x6000f3f0   0x6000f3f0   0x000000a0   Code   RO        10332    i.scc8660_init      seekfree_scc8660.o
    0x6000f490   0x6000f490   0x00000074   Code   RO        10333    i.scc8660_set_all_config  seekfree_scc8660.o
    0x6000f504   0x6000f504   0x0000006c   Code   RO        10337    i.scc8660_uart_callback  seekfree_scc8660.o
    0x6000f570   0x6000f570   0x00000024   Code   RO        10338    i.scc8660_vsync     seekfree_scc8660.o
    0x6000f594   0x6000f594   0x0000006c   Code   RO         9880    i.seekfree_wireless_init  seekfree_wireless.o
    0x6000f600   0x6000f600   0x00000040   Code   RO         9881    i.seekfree_wireless_send_buff  seekfree_wireless.o
    0x6000f640   0x6000f640   0x0000006a   Code   RO        11657    i.sqrt              m_wv.l(sqrt.o)
    0x6000f6aa   0x6000f6aa   0x00000002   PAD
    0x6000f6ac   0x6000f6ac   0x00000094   Code   RO         8726    i.systick_delay     zf_systick.o
    0x6000f740   0x6000f740   0x00000024   Code   RO         8727    i.systick_delay_ms  zf_systick.o
    0x6000f764   0x6000f764   0x00000060   Code   RO         8571    i.uart_init         zf_uart.o
    0x6000f7c4   0x6000f7c4   0x0000028c   Code   RO         8572    i.uart_iomuxc       zf_uart.o
    0x6000fa50   0x6000fa50   0x0000001c   Code   RO         8573    i.uart_putbuff      zf_uart.o
    0x6000fa6c   0x6000fa6c   0x0000002c   Code   RO         8577    i.uart_rx_irq       zf_uart.o
    0x6000fa98   0x6000fa98   0x0000003c   Code   RO         8578    i.uart_set_handle   zf_uart.o
    0x6000fad4   0x6000fad4   0x00000014   Code   RO         9882    i.wireless_uart_callback  seekfree_wireless.o
    0x6000fae8   0x6000fae8   0x00000010   Code   RO        11761    x$fpl$dcheck1       fz_wv.l(dcheck1.o)
    0x6000faf8   0x6000faf8   0x000000a2   Code   RO        11499    x$fpl$dfltll        fz_wv.l(dfltll_clz.o)
    0x6000fb9a   0x6000fb9a   0x0000009c   Code   RO        11625    x$fpl$dnaninf       fz_wv.l(dnaninf.o)
    0x6000fc36   0x6000fc36   0x0000000a   Code   RO        11763    x$fpl$fpinit        fz_wv.l(fpinit.o)
    0x6000fc40   0x6000fc40   0x000000c2   Code   RO        11495    x$fpl$llsfromd      fz_wv.l(dfixll.o)
    0x6000fd02   0x6000fd02   0x00000064   Code   RO        11804    x$fpl$retnan        fz_wv.l(retnan.o)
    0x6000fd66   0x6000fd66   0x0000005c   Code   RO        11627    x$fpl$scalbn        fz_wv.l(scalbn.o)
    0x6000fdc2   0x6000fdc2   0x00000030   Code   RO        11855    x$fpl$trapveneer    fz_wv.l(trapv.o)
    0x6000fdf2   0x6000fdf2   0x00000000   Code   RO        11629    x$fpl$usenofp       fz_wv.l(usenofp.o)
    0x6000fdf2   0x6000fdf2   0x00000002   PAD
    0x6000fdf4   0x6000fdf4   0x00000010   Data   RO          509    .constdata          fsl_clock.o
    0x6000fe04   0x6000fe04   0x00000006   Data   RO         1168    .constdata          fsl_dmamux.o
    0x6000fe0a   0x6000fe0a   0x00000002   PAD
    0x6000fe0c   0x6000fe0c   0x00000046   Data   RO         1310    .constdata          fsl_edma.o
    0x6000fe52   0x6000fe52   0x00000002   PAD
    0x6000fe54   0x6000fe54   0x0000000c   Data   RO         1990    .constdata          fsl_enet.o
    0x6000fe60   0x6000fe60   0x0000000c   Data   RO         2527    .constdata          fsl_flexio.o
    0x6000fe6c   0x6000fe6c   0x00000024   Data   RO         4020    .constdata          fsl_gpio.o
    0x6000fe90   0x6000fe90   0x00000048   Data   RO         5052    .constdata          fsl_lpuart.o
    0x6000fed8   0x6000fed8   0x00000018   Data   RO         7070    .constdata          fsl_usdhc.o
    0x6000fef0   0x6000fef0   0x00000010   Data   RO         7781    .constdata          fsl_debug_console.o
    0x6000ff00   0x6000ff00   0x00000024   Data   RO         7941    .constdata          lpuart_adapter.o
    0x6000ff24   0x6000ff24   0x0000001e   Data   RO        10716    .constdata          clock_config.o
    0x6000ff42   0x6000ff42   0x00000001   Data   RO        11084    .constdata          evkmimxrt1020_sdram_ini_dcd.o
    0x6000ff43   0x6000ff43   0x00000005   PAD
    0x6000ff48   0x6000ff48   0x00000088   Data   RO        11514    .constdata          m_wv.l(pow.o)
    0x6000ffd0   0x6000ffd0   0x00000008   Data   RO        11654    .constdata          m_wv.l(qnan.o)
    0x6000ffd8   0x6000ffd8   0x000000cc   Data   RO         1311    .conststring        fsl_edma.o
    0x600100a4   0x600100a4   0x00000045   Data   RO         7782    .conststring        fsl_debug_console.o
    0x600100e9   0x600100e9   0x00000003   PAD
    0x600100ec   0x600100ec   0x00000049   Data   RO         7942    .conststring        lpuart_adapter.o
    0x60010135   0x60010135   0x00000003   PAD
    0x60010138   0x60010138   0x00000044   Data   RO         8006    .conststring        serial_manager.o
    0x6001017c   0x6001017c   0x00000046   Data   RO         8095    .conststring        serial_port_uart.o
    0x600101c2   0x600101c2   0x00000002   PAD
    0x600101c4   0x600101c4   0x00000020   Data   RO        11921    Region$$Table       anon$$obj.o


    Execution Region ARM_LIB_HEAP (Exec base: 0x600101e4, Load base: 0x600101e4, Size: 0x00000400, Max: 0x00000400, ABSOLUTE)

    Exec Addr    Load Addr    Size         Type   Attr      Idx    E Section Name        Object

    0x600101e4        -       0x00000400   Zero   RW            1    ARM_LIB_HEAP.bss    anon$$obj.o


==============================================================================

Image component sizes


      Code (inc. data)   RO Data    RW Data    ZI Data      Debug   Object Name

      1280        178          0          0          0      53266   board.o
       860        278         30          0          0      12652   clock_config.o
         0          0          0          0          0       3052   common.o
         0          0        512          0          0       6067   evkmimxrt1020_flexspi_nor_config.o
         0          0          1          0          0        723   evkmimxrt1020_sdram_ini_dcd.o
         0          0          0          0          0    1166567   fsl_adc.o
        68         44          0          0          0       3329   fsl_assert.o
      1584        152         16          8          0      19339   fsl_clock.o
         0          0          0          0          0      10172   fsl_dcp.o
       466         96         85         16         28       7677   fsl_debug_console.o
       324        162          6          0          0       3302   fsl_dmamux.o
      4690       1618        274          1        128      69666   fsl_edma.o
       296        126         12         20          0      16460   fsl_enet.o
       232        160          0          4         12      10596   fsl_flexcan.o
       724        192         12         24          0      11927   fsl_flexio.o
       742        200          0          0          0      22205   fsl_flexio_camera.o
         0          0          0          0          0       5004   fsl_flexio_i2c_master.o
         0          0          0          0          0        532   fsl_flexspi.o
         0          0         48          0          0       2406   fsl_flexspi_nor_boot.o
       602        212         36          0          0       6228   fsl_gpio.o
       148         34          0          8         40      11080   fsl_lpi2c.o
       480        304          0         13         20      10391   fsl_lpspi.o
      3040        958         72          4         36      22683   fsl_lpuart.o
       520        184          0          8         32       8174   fsl_sai.o
         0          0          0          0          0       2060   fsl_shell.o
        68         16          0         32          0       5997   fsl_spdif.o
      2358          0          0          0          0       5790   fsl_str.o
        64         28         24          4         12      18811   fsl_usdhc.o
       178         12          0          4          0       6268   isr.o
       518        216        109          0          0       8710   lpuart_adapter.o
        72          4          0          0          0      11571   main.o
         0          0          0          0          0       6116   seekfree_mt9v032.o
         0          0          0          0          0       1056   seekfree_printf.o
       656        106          0        102      38448       7714   seekfree_scc8660.o
         0          0          0          0          0    1147288   seekfree_w25q64.o
       192         22          0         12         48    1163102   seekfree_wireless.o
       522        136         68          0          0       6006   serial_manager.o
       252         76         70          0          0       3773   serial_port_uart.o
       500        218       1024          0          0       3196   startup_mimxrt1021.o
       814         62          0          4          0      38259   system_mimxrt1021.o
       682         16          0        236       9600       6406   trans.o
      1092        342          0          8         76      16903   zf_camera.o
       328         74          0         24          0      10323   zf_gpio.o
     25850        762          0          0          0      69429   zf_iomuxc.o
       184         80          0          0          0       1235   zf_systick.o
       880         78          0         36          0       9005   zf_uart.o

    ----------------------------------------------------------------------
     51284       7146       2448        576      53600    4032516   Object Totals
         0          0         32          0       5120          0   (incl. Generated)
        18          0         17          8          0          0   (incl. Padding)

    ----------------------------------------------------------------------

      Code (inc. data)   RO Data    RW Data    ZI Data      Debug   Library Member Name

        90          0          0          0          0          0   __dczerorl2.o
         8          0          0          0          0         68   __main.o
         0          0          0          0          0          0   __rtentry.o
        12          0          0          0          0          0   __rtentry2.o
         8          4          0          0          0          0   __rtentry7.o
        52          8          0          0          0          0   __scatter.o
        28          0          0          0          0          0   __scatter_zi.o
        22          0          0          0          0        100   _rserrno.o
        18          0          0          0          0         80   exit.o
         0          0          0          0          0          0   indicate_semi.o
         2          0          0          0          0          0   libinit.o
         6          0          0          0          0          0   libinit2.o
         2          0          0          0          0          0   libshutdown.o
         2          0          0          0          0          0   libshutdown2.o
         0          0          0          0         96          0   libspace.o
        72          0          0          0          0         76   llsdiv.o
       238          0          0          0          0        100   lludivv7m.o
         8          4          0          0          0         68   rt_errno_addr_intlibspace.o
        78          0          0          0          0         80   rt_memclr_w.o
       100          0          0          0          0         80   rt_memcpy_w.o
         2          0          0          0          0          0   rtexit.o
        10          0          0          0          0          0   rtexit2.o
        62          0          0          0          0         76   strlen.o
        12          4          0          0          0         68   sys_exit.o
         2          0          0          0          0         68   use_no_semi.o
        16          4          0          0          0        116   dcheck1.o
       194          4          0          0          0        164   dfixll.o
       162          0          0          0          0        132   dfltll_clz.o
       156          4          0          0          0        140   dnaninf.o
        10          0          0          0          0        116   fpinit.o
       100          0          0          0          0        116   retnan.o
        92          0          0          0          0        116   scalbn.o
        48          0          0          0          0        116   trapv.o
         0          0          0          0          0          0   usenofp.o
       110         60          0          0          0        580   dunder.o
        24          0          0          0          0        124   fabs.o
        48          0          0          0          0        124   fpclassify.o
       192          6          0          0          0        176   modf.o
       112          0          0          0          0        116   poly.o
      2296        304        136          0          0        320   pow.o
         0          0          8          0          0          0   qnan.o
       106          0          0          0          0        140   sqrt.o

    ----------------------------------------------------------------------
      4512        406        144          0         96       3460   Library Totals
        12          4          0          0          0          0   (incl. Padding)

    ----------------------------------------------------------------------

      Code (inc. data)   RO Data    RW Data    ZI Data      Debug   Library Name

       834         20          0          0         96        864   c_w.l
       778         12          0          0          0       1016   fz_wv.l
      2888        370        144          0          0       1580   m_wv.l

    ----------------------------------------------------------------------
      4512        406        144          0         96       3460   Library Totals

    ----------------------------------------------------------------------

==============================================================================


      Code (inc. data)   RO Data    RW Data    ZI Data      Debug   

     55796       7552       2592        576      53696    4014112   Grand Totals
     55796       7552       2592        120      53696    4014112   ELF Image Totals (compressed)
     55796       7552       2592        120          0          0   ROM Totals

==============================================================================

    Total RO  Size (Code + RO Data)                58388 (  57.02kB)
    Total RW  Size (RW Data + ZI Data)             54272 (  53.00kB)
    Total ROM Size (Code + RO Data + RW Data)      58508 (  57.14kB)

==============================================================================

